[0.590s] Invoking command in '/home/mitchell/Documents/PhD/drone_cage_control/src/motion_capture_publisher': PYTHONPATH=/home/mitchell/Documents/PhD/drone_cage_control/build/motion_capture_publisher/prefix_override:/usr/lib/python3/dist-packages/colcon_core/task/python/colcon_distutils_commands:/home/mitchell/Documents/PhD/drone_cage_control/install/motion_capture_publisher/lib/python3.10/site-packages:${PYTHONPATH} /usr/bin/python3 -W ignore:setup.py install is deprecated -W ignore:easy_install command is deprecated setup.py egg_info --egg-base ../../build/motion_capture_publisher build --build-base /home/mitchell/Documents/PhD/drone_cage_control/build/motion_capture_publisher/build install --record /home/mitchell/Documents/PhD/drone_cage_control/build/motion_capture_publisher/install.log --single-version-externally-managed
[0.670s] /home/mitchell/.local/lib/python3.10/site-packages/setuptools/_distutils/dist.py:289: UserWarning: Unknown distribution option: 'tests_require'
[0.671s]   warnings.warn(msg)
[0.723s] running egg_info
[0.733s] writing ../../build/motion_capture_publisher/motion_capture_publisher.egg-info/PKG-INFO
[0.734s] writing dependency_links to ../../build/motion_capture_publisher/motion_capture_publisher.egg-info/dependency_links.txt
[0.734s] writing entry points to ../../build/motion_capture_publisher/motion_capture_publisher.egg-info/entry_points.txt
[0.734s] writing requirements to ../../build/motion_capture_publisher/motion_capture_publisher.egg-info/requires.txt
[0.734s] writing top-level names to ../../build/motion_capture_publisher/motion_capture_publisher.egg-info/top_level.txt
[0.755s] reading manifest file '../../build/motion_capture_publisher/motion_capture_publisher.egg-info/SOURCES.txt'
[0.755s] writing manifest file '../../build/motion_capture_publisher/motion_capture_publisher.egg-info/SOURCES.txt'
[0.755s] running build
[0.756s] running build_py
[0.756s] copying motion_capture_publisher/__init__.py -> /home/mitchell/Documents/PhD/drone_cage_control/build/motion_capture_publisher/build/lib/motion_capture_publisher
[0.756s] copying motion_capture_publisher/motion_capture_publisher_node.py -> /home/mitchell/Documents/PhD/drone_cage_control/build/motion_capture_publisher/build/lib/motion_capture_publisher
[0.756s] running install
[0.758s] running install_lib
[0.768s] running install_egg_info
[0.780s] removing '/home/mitchell/Documents/PhD/drone_cage_control/install/motion_capture_publisher/lib/python3.10/site-packages/motion_capture_publisher-0.0.0-py3.10.egg-info' (and everything under it)
[0.780s] Copying ../../build/motion_capture_publisher/motion_capture_publisher.egg-info to /home/mitchell/Documents/PhD/drone_cage_control/install/motion_capture_publisher/lib/python3.10/site-packages/motion_capture_publisher-0.0.0-py3.10.egg-info
[0.780s] running install_scripts
[0.861s] Installing motion_capture_publisher_node script to /home/mitchell/Documents/PhD/drone_cage_control/install/motion_capture_publisher/lib/motion_capture_publisher
[0.862s] writing list of installed files to '/home/mitchell/Documents/PhD/drone_cage_control/build/motion_capture_publisher/install.log'
[0.874s] Invoked command in '/home/mitchell/Documents/PhD/drone_cage_control/src/motion_capture_publisher' returned '0': PYTHONPATH=/home/mitchell/Documents/PhD/drone_cage_control/build/motion_capture_publisher/prefix_override:/usr/lib/python3/dist-packages/colcon_core/task/python/colcon_distutils_commands:/home/mitchell/Documents/PhD/drone_cage_control/install/motion_capture_publisher/lib/python3.10/site-packages:${PYTHONPATH} /usr/bin/python3 -W ignore:setup.py install is deprecated -W ignore:easy_install command is deprecated setup.py egg_info --egg-base ../../build/motion_capture_publisher build --build-base /home/mitchell/Documents/PhD/drone_cage_control/build/motion_capture_publisher/build install --record /home/mitchell/Documents/PhD/drone_cage_control/build/motion_capture_publisher/install.log --single-version-externally-managed
