/home/mitchell/.local/lib/python3.10/site-packages/setuptools/_distutils/dist.py:289: UserWarning: Unknown distribution option: 'tests_require'
  warnings.warn(msg)
running egg_info
writing ../../build/motion_capture_publisher/motion_capture_publisher.egg-info/PKG-INFO
writing dependency_links to ../../build/motion_capture_publisher/motion_capture_publisher.egg-info/dependency_links.txt
writing entry points to ../../build/motion_capture_publisher/motion_capture_publisher.egg-info/entry_points.txt
writing requirements to ../../build/motion_capture_publisher/motion_capture_publisher.egg-info/requires.txt
writing top-level names to ../../build/motion_capture_publisher/motion_capture_publisher.egg-info/top_level.txt
reading manifest file '../../build/motion_capture_publisher/motion_capture_publisher.egg-info/SOURCES.txt'
writing manifest file '../../build/motion_capture_publisher/motion_capture_publisher.egg-info/SOURCES.txt'
running build
running build_py
copying motion_capture_publisher/__init__.py -> /home/mitchell/Documents/PhD/drone_cage_control/build/motion_capture_publisher/build/lib/motion_capture_publisher
copying motion_capture_publisher/motion_capture_publisher_node.py -> /home/mitchell/Documents/PhD/drone_cage_control/build/motion_capture_publisher/build/lib/motion_capture_publisher
running install
running install_lib
running install_egg_info
removing '/home/mitchell/Documents/PhD/drone_cage_control/install/motion_capture_publisher/lib/python3.10/site-packages/motion_capture_publisher-0.0.0-py3.10.egg-info' (and everything under it)
Copying ../../build/motion_capture_publisher/motion_capture_publisher.egg-info to /home/mitchell/Documents/PhD/drone_cage_control/install/motion_capture_publisher/lib/python3.10/site-packages/motion_capture_publisher-0.0.0-py3.10.egg-info
running install_scripts
Installing motion_capture_publisher_node script to /home/mitchell/Documents/PhD/drone_cage_control/install/motion_capture_publisher/lib/motion_capture_publisher
writing list of installed files to '/home/mitchell/Documents/PhD/drone_cage_control/build/motion_capture_publisher/install.log'
