[0.118s] Invoking command in '/home/mitchell/Documents/PhD/drone_cage_control/build/interfaces': CMAKE_PREFIX_PATH=${CMAKE_PREFIX_PATH}:/home/mitchell/Documents/PhD/drone_cage_control/install/motion_capture_publisher:/home/mitchell/Documents/PhD/drone_cage_control/install/drone_communication:/opt/ros/humble /home/mitchell/.local/bin/cmake --build /home/mitchell/Documents/PhD/drone_cage_control/build/interfaces -- -j28 -l28
[0.171s] [  2%] Built target interfaces__cpp
[0.172s] [  2%] Built target ament_cmake_python_copy_interfaces
[0.172s] [ 12%] Built target interfaces__rosidl_generator_c
[0.177s] [ 23%] Built target interfaces__rosidl_typesupport_fastrtps_cpp
[0.177s] [ 33%] Built target interfaces__rosidl_typesupport_introspection_cpp
[0.178s] [ 43%] Built target interfaces__rosidl_typesupport_c
[0.178s] [ 53%] Built target interfaces__rosidl_typesupport_cpp
[0.179s] [ 64%] Built target interfaces__rosidl_typesupport_fastrtps_c
[0.179s] [ 74%] Built target interfaces__rosidl_typesupport_introspection_c
[0.184s] [ 74%] Built target interfaces
[0.190s] [ 76%] Built target interfaces__py
[0.195s] [ 84%] Built target interfaces__rosidl_generator_py
[0.201s] [ 89%] Built target interfaces__rosidl_typesupport_introspection_c__pyext
[0.201s] [ 94%] Built target interfaces__rosidl_typesupport_c__pyext
[0.201s] [100%] Built target interfaces__rosidl_typesupport_fastrtps_c__pyext
[0.295s] running egg_info
[0.305s] writing interfaces.egg-info/PKG-INFO
[0.305s] writing dependency_links to interfaces.egg-info/dependency_links.txt
[0.305s] writing top-level names to interfaces.egg-info/top_level.txt
[0.337s] reading manifest file 'interfaces.egg-info/SOURCES.txt'
[0.338s] writing manifest file 'interfaces.egg-info/SOURCES.txt'
[0.350s] [100%] Built target ament_cmake_python_build_interfaces_egg
[0.353s] Invoked command in '/home/mitchell/Documents/PhD/drone_cage_control/build/interfaces' returned '0': CMAKE_PREFIX_PATH=${CMAKE_PREFIX_PATH}:/home/mitchell/Documents/PhD/drone_cage_control/install/motion_capture_publisher:/home/mitchell/Documents/PhD/drone_cage_control/install/drone_communication:/opt/ros/humble /home/mitchell/.local/bin/cmake --build /home/mitchell/Documents/PhD/drone_cage_control/build/interfaces -- -j28 -l28
[0.393s] Invoking command in '/home/mitchell/Documents/PhD/drone_cage_control/build/interfaces': CMAKE_PREFIX_PATH=${CMAKE_PREFIX_PATH}:/home/mitchell/Documents/PhD/drone_cage_control/install/motion_capture_publisher:/home/mitchell/Documents/PhD/drone_cage_control/install/drone_communication:/opt/ros/humble /home/mitchell/.local/bin/cmake --install /home/mitchell/Documents/PhD/drone_cage_control/build/interfaces
[0.431s] -- Install configuration: ""
[0.431s] -- Up-to-date: /home/mitchell/Documents/PhD/drone_cage_control/install/interfaces/share/ament_index/resource_index/rosidl_interfaces/interfaces
[0.431s] -- Up-to-date: /home/mitchell/Documents/PhD/drone_cage_control/install/interfaces/include/interfaces/interfaces
[0.431s] -- Up-to-date: /home/mitchell/Documents/PhD/drone_cage_control/install/interfaces/include/interfaces/interfaces/msg
[0.431s] -- Up-to-date: /home/mitchell/Documents/PhD/drone_cage_control/install/interfaces/include/interfaces/interfaces/msg/elrs_command.h
[0.431s] -- Up-to-date: /home/mitchell/Documents/PhD/drone_cage_control/install/interfaces/include/interfaces/interfaces/msg/motion_capture_state.h
[0.431s] -- Up-to-date: /home/mitchell/Documents/PhD/drone_cage_control/install/interfaces/include/interfaces/interfaces/msg/rosidl_generator_c__visibility_control.h
[0.431s] -- Up-to-date: /home/mitchell/Documents/PhD/drone_cage_control/install/interfaces/include/interfaces/interfaces/msg/detail
[0.431s] -- Up-to-date: /home/mitchell/Documents/PhD/drone_cage_control/install/interfaces/include/interfaces/interfaces/msg/detail/motion_capture_state__struct.h
[0.432s] -- Up-to-date: /home/mitchell/Documents/PhD/drone_cage_control/install/interfaces/include/interfaces/interfaces/msg/detail/elrs_command__functions.h
[0.432s] -- Up-to-date: /home/mitchell/Documents/PhD/drone_cage_control/install/interfaces/include/interfaces/interfaces/msg/detail/elrs_command__functions.c
[0.432s] -- Up-to-date: /home/mitchell/Documents/PhD/drone_cage_control/install/interfaces/include/interfaces/interfaces/msg/detail/elrs_command__struct.h
[0.432s] -- Up-to-date: /home/mitchell/Documents/PhD/drone_cage_control/install/interfaces/include/interfaces/interfaces/msg/detail/motion_capture_state__functions.h
[0.432s] -- Up-to-date: /home/mitchell/Documents/PhD/drone_cage_control/install/interfaces/include/interfaces/interfaces/msg/detail/elrs_command__type_support.h
[0.432s] -- Up-to-date: /home/mitchell/Documents/PhD/drone_cage_control/install/interfaces/include/interfaces/interfaces/msg/detail/motion_capture_state__type_support.h
[0.432s] -- Up-to-date: /home/mitchell/Documents/PhD/drone_cage_control/install/interfaces/include/interfaces/interfaces/msg/detail/motion_capture_state__functions.c
[0.432s] -- Up-to-date: /home/mitchell/Documents/PhD/drone_cage_control/install/interfaces/share/interfaces/environment/library_path.sh
[0.432s] -- Up-to-date: /home/mitchell/Documents/PhD/drone_cage_control/install/interfaces/share/interfaces/environment/library_path.dsv
[0.432s] -- Up-to-date: /home/mitchell/Documents/PhD/drone_cage_control/install/interfaces/lib/libinterfaces__rosidl_generator_c.so
[0.432s] -- Up-to-date: /home/mitchell/Documents/PhD/drone_cage_control/install/interfaces/include/interfaces/interfaces
[0.432s] -- Up-to-date: /home/mitchell/Documents/PhD/drone_cage_control/install/interfaces/include/interfaces/interfaces/msg
[0.432s] -- Up-to-date: /home/mitchell/Documents/PhD/drone_cage_control/install/interfaces/include/interfaces/interfaces/msg/rosidl_typesupport_fastrtps_c__visibility_control.h
[0.432s] -- Up-to-date: /home/mitchell/Documents/PhD/drone_cage_control/install/interfaces/include/interfaces/interfaces/msg/detail
[0.432s] -- Up-to-date: /home/mitchell/Documents/PhD/drone_cage_control/install/interfaces/include/interfaces/interfaces/msg/detail/motion_capture_state__rosidl_typesupport_fastrtps_c.h
[0.432s] -- Up-to-date: /home/mitchell/Documents/PhD/drone_cage_control/install/interfaces/include/interfaces/interfaces/msg/detail/elrs_command__rosidl_typesupport_fastrtps_c.h
[0.432s] -- Up-to-date: /home/mitchell/Documents/PhD/drone_cage_control/install/interfaces/lib/libinterfaces__rosidl_typesupport_fastrtps_c.so
[0.432s] -- Up-to-date: /home/mitchell/Documents/PhD/drone_cage_control/install/interfaces/include/interfaces/interfaces
[0.432s] -- Up-to-date: /home/mitchell/Documents/PhD/drone_cage_control/install/interfaces/include/interfaces/interfaces/msg
[0.433s] -- Up-to-date: /home/mitchell/Documents/PhD/drone_cage_control/install/interfaces/include/interfaces/interfaces/msg/rosidl_typesupport_introspection_c__visibility_control.h
[0.433s] -- Up-to-date: /home/mitchell/Documents/PhD/drone_cage_control/install/interfaces/include/interfaces/interfaces/msg/detail
[0.433s] -- Up-to-date: /home/mitchell/Documents/PhD/drone_cage_control/install/interfaces/include/interfaces/interfaces/msg/detail/motion_capture_state__type_support.c
[0.433s] -- Up-to-date: /home/mitchell/Documents/PhD/drone_cage_control/install/interfaces/include/interfaces/interfaces/msg/detail/elrs_command__rosidl_typesupport_introspection_c.h
[0.433s] -- Up-to-date: /home/mitchell/Documents/PhD/drone_cage_control/install/interfaces/include/interfaces/interfaces/msg/detail/motion_capture_state__rosidl_typesupport_introspection_c.h
[0.433s] -- Up-to-date: /home/mitchell/Documents/PhD/drone_cage_control/install/interfaces/include/interfaces/interfaces/msg/detail/elrs_command__type_support.c
[0.433s] -- Up-to-date: /home/mitchell/Documents/PhD/drone_cage_control/install/interfaces/lib/libinterfaces__rosidl_typesupport_introspection_c.so
[0.433s] -- Up-to-date: /home/mitchell/Documents/PhD/drone_cage_control/install/interfaces/lib/libinterfaces__rosidl_typesupport_c.so
[0.433s] -- Up-to-date: /home/mitchell/Documents/PhD/drone_cage_control/install/interfaces/include/interfaces/interfaces
[0.433s] -- Up-to-date: /home/mitchell/Documents/PhD/drone_cage_control/install/interfaces/include/interfaces/interfaces/msg
[0.433s] -- Up-to-date: /home/mitchell/Documents/PhD/drone_cage_control/install/interfaces/include/interfaces/interfaces/msg/motion_capture_state.hpp
[0.433s] -- Up-to-date: /home/mitchell/Documents/PhD/drone_cage_control/install/interfaces/include/interfaces/interfaces/msg/rosidl_generator_cpp__visibility_control.hpp
[0.433s] -- Up-to-date: /home/mitchell/Documents/PhD/drone_cage_control/install/interfaces/include/interfaces/interfaces/msg/elrs_command.hpp
[0.433s] -- Up-to-date: /home/mitchell/Documents/PhD/drone_cage_control/install/interfaces/include/interfaces/interfaces/msg/detail
[0.433s] -- Up-to-date: /home/mitchell/Documents/PhD/drone_cage_control/install/interfaces/include/interfaces/interfaces/msg/detail/elrs_command__builder.hpp
[0.433s] -- Up-to-date: /home/mitchell/Documents/PhD/drone_cage_control/install/interfaces/include/interfaces/interfaces/msg/detail/motion_capture_state__traits.hpp
[0.433s] -- Up-to-date: /home/mitchell/Documents/PhD/drone_cage_control/install/interfaces/include/interfaces/interfaces/msg/detail/elrs_command__traits.hpp
[0.433s] -- Up-to-date: /home/mitchell/Documents/PhD/drone_cage_control/install/interfaces/include/interfaces/interfaces/msg/detail/elrs_command__type_support.hpp
[0.433s] -- Up-to-date: /home/mitchell/Documents/PhD/drone_cage_control/install/interfaces/include/interfaces/interfaces/msg/detail/motion_capture_state__builder.hpp
[0.433s] -- Up-to-date: /home/mitchell/Documents/PhD/drone_cage_control/install/interfaces/include/interfaces/interfaces/msg/detail/motion_capture_state__struct.hpp
[0.433s] -- Up-to-date: /home/mitchell/Documents/PhD/drone_cage_control/install/interfaces/include/interfaces/interfaces/msg/detail/motion_capture_state__type_support.hpp
[0.433s] -- Up-to-date: /home/mitchell/Documents/PhD/drone_cage_control/install/interfaces/include/interfaces/interfaces/msg/detail/elrs_command__struct.hpp
[0.433s] -- Up-to-date: /home/mitchell/Documents/PhD/drone_cage_control/install/interfaces/include/interfaces/interfaces
[0.433s] -- Up-to-date: /home/mitchell/Documents/PhD/drone_cage_control/install/interfaces/include/interfaces/interfaces/msg
[0.434s] -- Up-to-date: /home/mitchell/Documents/PhD/drone_cage_control/install/interfaces/include/interfaces/interfaces/msg/rosidl_typesupport_fastrtps_cpp__visibility_control.h
[0.434s] -- Up-to-date: /home/mitchell/Documents/PhD/drone_cage_control/install/interfaces/include/interfaces/interfaces/msg/detail
[0.434s] -- Up-to-date: /home/mitchell/Documents/PhD/drone_cage_control/install/interfaces/include/interfaces/interfaces/msg/detail/elrs_command__rosidl_typesupport_fastrtps_cpp.hpp
[0.434s] -- Up-to-date: /home/mitchell/Documents/PhD/drone_cage_control/install/interfaces/include/interfaces/interfaces/msg/detail/dds_fastrtps
[0.434s] -- Up-to-date: /home/mitchell/Documents/PhD/drone_cage_control/install/interfaces/include/interfaces/interfaces/msg/detail/motion_capture_state__rosidl_typesupport_fastrtps_cpp.hpp
[0.434s] -- Up-to-date: /home/mitchell/Documents/PhD/drone_cage_control/install/interfaces/lib/libinterfaces__rosidl_typesupport_fastrtps_cpp.so
[0.434s] -- Up-to-date: /home/mitchell/Documents/PhD/drone_cage_control/install/interfaces/include/interfaces/interfaces
[0.434s] -- Up-to-date: /home/mitchell/Documents/PhD/drone_cage_control/install/interfaces/include/interfaces/interfaces/msg
[0.434s] -- Up-to-date: /home/mitchell/Documents/PhD/drone_cage_control/install/interfaces/include/interfaces/interfaces/msg/detail
[0.434s] -- Up-to-date: /home/mitchell/Documents/PhD/drone_cage_control/install/interfaces/include/interfaces/interfaces/msg/detail/motion_capture_state__rosidl_typesupport_introspection_cpp.hpp
[0.434s] -- Up-to-date: /home/mitchell/Documents/PhD/drone_cage_control/install/interfaces/include/interfaces/interfaces/msg/detail/elrs_command__rosidl_typesupport_introspection_cpp.hpp
[0.434s] -- Up-to-date: /home/mitchell/Documents/PhD/drone_cage_control/install/interfaces/include/interfaces/interfaces/msg/detail/elrs_command__type_support.cpp
[0.434s] -- Up-to-date: /home/mitchell/Documents/PhD/drone_cage_control/install/interfaces/include/interfaces/interfaces/msg/detail/motion_capture_state__type_support.cpp
[0.434s] -- Up-to-date: /home/mitchell/Documents/PhD/drone_cage_control/install/interfaces/lib/libinterfaces__rosidl_typesupport_introspection_cpp.so
[0.434s] -- Up-to-date: /home/mitchell/Documents/PhD/drone_cage_control/install/interfaces/lib/libinterfaces__rosidl_typesupport_cpp.so
[0.434s] -- Up-to-date: /home/mitchell/Documents/PhD/drone_cage_control/install/interfaces/share/interfaces/environment/pythonpath.sh
[0.434s] -- Up-to-date: /home/mitchell/Documents/PhD/drone_cage_control/install/interfaces/share/interfaces/environment/pythonpath.dsv
[0.434s] -- Up-to-date: /home/mitchell/Documents/PhD/drone_cage_control/install/interfaces/local/lib/python3.10/dist-packages/interfaces-0.0.0-py3.10.egg-info
[0.434s] -- Installing: /home/mitchell/Documents/PhD/drone_cage_control/install/interfaces/local/lib/python3.10/dist-packages/interfaces-0.0.0-py3.10.egg-info/top_level.txt
[0.434s] -- Installing: /home/mitchell/Documents/PhD/drone_cage_control/install/interfaces/local/lib/python3.10/dist-packages/interfaces-0.0.0-py3.10.egg-info/PKG-INFO
[0.434s] -- Installing: /home/mitchell/Documents/PhD/drone_cage_control/install/interfaces/local/lib/python3.10/dist-packages/interfaces-0.0.0-py3.10.egg-info/dependency_links.txt
[0.434s] -- Installing: /home/mitchell/Documents/PhD/drone_cage_control/install/interfaces/local/lib/python3.10/dist-packages/interfaces-0.0.0-py3.10.egg-info/SOURCES.txt
[0.434s] -- Up-to-date: /home/mitchell/Documents/PhD/drone_cage_control/install/interfaces/local/lib/python3.10/dist-packages/interfaces
[0.434s] -- Up-to-date: /home/mitchell/Documents/PhD/drone_cage_control/install/interfaces/local/lib/python3.10/dist-packages/interfaces/__init__.py
[0.434s] -- Up-to-date: /home/mitchell/Documents/PhD/drone_cage_control/install/interfaces/local/lib/python3.10/dist-packages/interfaces/libinterfaces__rosidl_generator_py.so
[0.434s] -- Up-to-date: /home/mitchell/Documents/PhD/drone_cage_control/install/interfaces/local/lib/python3.10/dist-packages/interfaces/msg
[0.434s] -- Up-to-date: /home/mitchell/Documents/PhD/drone_cage_control/install/interfaces/local/lib/python3.10/dist-packages/interfaces/msg/__init__.py
[0.434s] -- Up-to-date: /home/mitchell/Documents/PhD/drone_cage_control/install/interfaces/local/lib/python3.10/dist-packages/interfaces/msg/_motion_capture_state_s.c
[0.434s] -- Up-to-date: /home/mitchell/Documents/PhD/drone_cage_control/install/interfaces/local/lib/python3.10/dist-packages/interfaces/msg/_elrs_command.py
[0.434s] -- Up-to-date: /home/mitchell/Documents/PhD/drone_cage_control/install/interfaces/local/lib/python3.10/dist-packages/interfaces/msg/_motion_capture_state.py
[0.434s] -- Up-to-date: /home/mitchell/Documents/PhD/drone_cage_control/install/interfaces/local/lib/python3.10/dist-packages/interfaces/msg/_elrs_command_s.c
[0.434s] -- Up-to-date: /home/mitchell/Documents/PhD/drone_cage_control/install/interfaces/local/lib/python3.10/dist-packages/interfaces/interfaces_s__rosidl_typesupport_introspection_c.cpython-310-x86_64-linux-gnu.so
[0.434s] -- Up-to-date: /home/mitchell/Documents/PhD/drone_cage_control/install/interfaces/local/lib/python3.10/dist-packages/interfaces/_interfaces_s.ep.rosidl_typesupport_fastrtps_c.c
[0.434s] -- Up-to-date: /home/mitchell/Documents/PhD/drone_cage_control/install/interfaces/local/lib/python3.10/dist-packages/interfaces/_interfaces_s.ep.rosidl_typesupport_introspection_c.c
[0.434s] -- Up-to-date: /home/mitchell/Documents/PhD/drone_cage_control/install/interfaces/local/lib/python3.10/dist-packages/interfaces/interfaces_s__rosidl_typesupport_c.cpython-310-x86_64-linux-gnu.so
[0.434s] -- Up-to-date: /home/mitchell/Documents/PhD/drone_cage_control/install/interfaces/local/lib/python3.10/dist-packages/interfaces/_interfaces_s.ep.rosidl_typesupport_c.c
[0.434s] -- Up-to-date: /home/mitchell/Documents/PhD/drone_cage_control/install/interfaces/local/lib/python3.10/dist-packages/interfaces/interfaces_s__rosidl_typesupport_fastrtps_c.cpython-310-x86_64-linux-gnu.so
[0.452s] Listing '/home/mitchell/Documents/PhD/drone_cage_control/install/interfaces/local/lib/python3.10/dist-packages/interfaces'...
[0.452s] Listing '/home/mitchell/Documents/PhD/drone_cage_control/install/interfaces/local/lib/python3.10/dist-packages/interfaces/msg'...
[0.454s] -- Up-to-date: /home/mitchell/Documents/PhD/drone_cage_control/install/interfaces/local/lib/python3.10/dist-packages/interfaces/interfaces_s__rosidl_typesupport_fastrtps_c.cpython-310-x86_64-linux-gnu.so
[0.454s] -- Up-to-date: /home/mitchell/Documents/PhD/drone_cage_control/install/interfaces/local/lib/python3.10/dist-packages/interfaces/interfaces_s__rosidl_typesupport_introspection_c.cpython-310-x86_64-linux-gnu.so
[0.454s] -- Up-to-date: /home/mitchell/Documents/PhD/drone_cage_control/install/interfaces/local/lib/python3.10/dist-packages/interfaces/interfaces_s__rosidl_typesupport_c.cpython-310-x86_64-linux-gnu.so
[0.454s] -- Up-to-date: /home/mitchell/Documents/PhD/drone_cage_control/install/interfaces/lib/libinterfaces__rosidl_generator_py.so
[0.454s] -- Up-to-date: /home/mitchell/Documents/PhD/drone_cage_control/install/interfaces/share/interfaces/msg/MotionCaptureState.idl
[0.455s] -- Up-to-date: /home/mitchell/Documents/PhD/drone_cage_control/install/interfaces/share/interfaces/msg/ELRSCommand.idl
[0.455s] -- Up-to-date: /home/mitchell/Documents/PhD/drone_cage_control/install/interfaces/share/interfaces/msg/MotionCaptureState.msg
[0.455s] -- Up-to-date: /home/mitchell/Documents/PhD/drone_cage_control/install/interfaces/share/interfaces/msg/ELRSCommand.msg
[0.455s] -- Up-to-date: /home/mitchell/Documents/PhD/drone_cage_control/install/interfaces/share/ament_index/resource_index/package_run_dependencies/interfaces
[0.455s] -- Up-to-date: /home/mitchell/Documents/PhD/drone_cage_control/install/interfaces/share/ament_index/resource_index/parent_prefix_path/interfaces
[0.455s] -- Up-to-date: /home/mitchell/Documents/PhD/drone_cage_control/install/interfaces/share/interfaces/environment/ament_prefix_path.sh
[0.455s] -- Up-to-date: /home/mitchell/Documents/PhD/drone_cage_control/install/interfaces/share/interfaces/environment/ament_prefix_path.dsv
[0.455s] -- Up-to-date: /home/mitchell/Documents/PhD/drone_cage_control/install/interfaces/share/interfaces/environment/path.sh
[0.455s] -- Up-to-date: /home/mitchell/Documents/PhD/drone_cage_control/install/interfaces/share/interfaces/environment/path.dsv
[0.455s] -- Up-to-date: /home/mitchell/Documents/PhD/drone_cage_control/install/interfaces/share/interfaces/local_setup.bash
[0.455s] -- Up-to-date: /home/mitchell/Documents/PhD/drone_cage_control/install/interfaces/share/interfaces/local_setup.sh
[0.455s] -- Up-to-date: /home/mitchell/Documents/PhD/drone_cage_control/install/interfaces/share/interfaces/local_setup.zsh
[0.455s] -- Up-to-date: /home/mitchell/Documents/PhD/drone_cage_control/install/interfaces/share/interfaces/local_setup.dsv
[0.455s] -- Installing: /home/mitchell/Documents/PhD/drone_cage_control/install/interfaces/share/interfaces/package.dsv
[0.455s] -- Up-to-date: /home/mitchell/Documents/PhD/drone_cage_control/install/interfaces/share/ament_index/resource_index/packages/interfaces
[0.455s] -- Up-to-date: /home/mitchell/Documents/PhD/drone_cage_control/install/interfaces/share/interfaces/cmake/export_interfaces__rosidl_generator_cExport.cmake
[0.455s] -- Up-to-date: /home/mitchell/Documents/PhD/drone_cage_control/install/interfaces/share/interfaces/cmake/export_interfaces__rosidl_generator_cExport-noconfig.cmake
[0.455s] -- Up-to-date: /home/mitchell/Documents/PhD/drone_cage_control/install/interfaces/share/interfaces/cmake/export_interfaces__rosidl_typesupport_fastrtps_cExport.cmake
[0.455s] -- Up-to-date: /home/mitchell/Documents/PhD/drone_cage_control/install/interfaces/share/interfaces/cmake/export_interfaces__rosidl_typesupport_fastrtps_cExport-noconfig.cmake
[0.455s] -- Up-to-date: /home/mitchell/Documents/PhD/drone_cage_control/install/interfaces/share/interfaces/cmake/interfaces__rosidl_typesupport_introspection_cExport.cmake
[0.455s] -- Up-to-date: /home/mitchell/Documents/PhD/drone_cage_control/install/interfaces/share/interfaces/cmake/interfaces__rosidl_typesupport_introspection_cExport-noconfig.cmake
[0.455s] -- Up-to-date: /home/mitchell/Documents/PhD/drone_cage_control/install/interfaces/share/interfaces/cmake/interfaces__rosidl_typesupport_cExport.cmake
[0.456s] -- Up-to-date: /home/mitchell/Documents/PhD/drone_cage_control/install/interfaces/share/interfaces/cmake/interfaces__rosidl_typesupport_cExport-noconfig.cmake
[0.456s] -- Up-to-date: /home/mitchell/Documents/PhD/drone_cage_control/install/interfaces/share/interfaces/cmake/export_interfaces__rosidl_generator_cppExport.cmake
[0.456s] -- Up-to-date: /home/mitchell/Documents/PhD/drone_cage_control/install/interfaces/share/interfaces/cmake/export_interfaces__rosidl_typesupport_fastrtps_cppExport.cmake
[0.456s] -- Up-to-date: /home/mitchell/Documents/PhD/drone_cage_control/install/interfaces/share/interfaces/cmake/export_interfaces__rosidl_typesupport_fastrtps_cppExport-noconfig.cmake
[0.456s] -- Up-to-date: /home/mitchell/Documents/PhD/drone_cage_control/install/interfaces/share/interfaces/cmake/interfaces__rosidl_typesupport_introspection_cppExport.cmake
[0.456s] -- Up-to-date: /home/mitchell/Documents/PhD/drone_cage_control/install/interfaces/share/interfaces/cmake/interfaces__rosidl_typesupport_introspection_cppExport-noconfig.cmake
[0.456s] -- Up-to-date: /home/mitchell/Documents/PhD/drone_cage_control/install/interfaces/share/interfaces/cmake/interfaces__rosidl_typesupport_cppExport.cmake
[0.456s] -- Up-to-date: /home/mitchell/Documents/PhD/drone_cage_control/install/interfaces/share/interfaces/cmake/interfaces__rosidl_typesupport_cppExport-noconfig.cmake
[0.456s] -- Up-to-date: /home/mitchell/Documents/PhD/drone_cage_control/install/interfaces/share/interfaces/cmake/export_interfaces__rosidl_generator_pyExport.cmake
[0.456s] -- Up-to-date: /home/mitchell/Documents/PhD/drone_cage_control/install/interfaces/share/interfaces/cmake/export_interfaces__rosidl_generator_pyExport-noconfig.cmake
[0.456s] -- Up-to-date: /home/mitchell/Documents/PhD/drone_cage_control/install/interfaces/share/interfaces/cmake/rosidl_cmake-extras.cmake
[0.456s] -- Up-to-date: /home/mitchell/Documents/PhD/drone_cage_control/install/interfaces/share/interfaces/cmake/ament_cmake_export_dependencies-extras.cmake
[0.456s] -- Up-to-date: /home/mitchell/Documents/PhD/drone_cage_control/install/interfaces/share/interfaces/cmake/ament_cmake_export_include_directories-extras.cmake
[0.456s] -- Up-to-date: /home/mitchell/Documents/PhD/drone_cage_control/install/interfaces/share/interfaces/cmake/ament_cmake_export_libraries-extras.cmake
[0.456s] -- Up-to-date: /home/mitchell/Documents/PhD/drone_cage_control/install/interfaces/share/interfaces/cmake/ament_cmake_export_targets-extras.cmake
[0.456s] -- Up-to-date: /home/mitchell/Documents/PhD/drone_cage_control/install/interfaces/share/interfaces/cmake/rosidl_cmake_export_typesupport_targets-extras.cmake
[0.456s] -- Up-to-date: /home/mitchell/Documents/PhD/drone_cage_control/install/interfaces/share/interfaces/cmake/rosidl_cmake_export_typesupport_libraries-extras.cmake
[0.456s] -- Up-to-date: /home/mitchell/Documents/PhD/drone_cage_control/install/interfaces/share/interfaces/cmake/interfacesConfig.cmake
[0.456s] -- Up-to-date: /home/mitchell/Documents/PhD/drone_cage_control/install/interfaces/share/interfaces/cmake/interfacesConfig-version.cmake
[0.456s] -- Up-to-date: /home/mitchell/Documents/PhD/drone_cage_control/install/interfaces/share/interfaces/package.xml
[0.457s] Invoked command in '/home/mitchell/Documents/PhD/drone_cage_control/build/interfaces' returned '0': CMAKE_PREFIX_PATH=${CMAKE_PREFIX_PATH}:/home/mitchell/Documents/PhD/drone_cage_control/install/motion_capture_publisher:/home/mitchell/Documents/PhD/drone_cage_control/install/drone_communication:/opt/ros/humble /home/mitchell/.local/bin/cmake --install /home/mitchell/Documents/PhD/drone_cage_control/build/interfaces
