[0.143s] Invoking command in '/home/mitchell/Documents/PhD/drone_cage_control/build/interfaces': CMAKE_PREFIX_PATH=${CMAKE_PREFIX_PATH}:/home/mitchell/Documents/PhD/drone_cage_control/install/motion_capture_publisher:/home/mitchell/Documents/PhD/drone_cage_control/install/drone_communication:/opt/ros/humble /home/mitchell/.local/bin/cmake --build /home/mitchell/Documents/PhD/drone_cage_control/build/interfaces -- -j28 -l28
[0.193s] [0mCMake Deprecation Warning at CMakeLists.txt:1 (cmake_minimum_required):
[0.194s]   Compatibility with CMake < 3.10 will be removed from a future version of
[0.194s]   CMake.
[0.194s] 
[0.194s]   Update the VERSION argument <min> value.  Or, use the <min>...<max> syntax
[0.194s]   to tell CMake that the project requires at least <min> but has been updated
[0.194s]   to work with policies introduced by <max> or earlier.
[0.194s] 
[0.194s] [0m
[0.200s] -- Found ament_cmake: 1.3.11 (/opt/ros/humble/share/ament_cmake/cmake)
[0.353s] -- Found rosidl_default_generators: 1.2.0 (/opt/ros/humble/share/rosidl_default_generators/cmake)
[0.354s] -- Using all available rosidl_typesupport_c: rosidl_typesupport_fastrtps_c;rosidl_typesupport_introspection_c
[0.356s] -- Found rosidl_adapter: 3.1.6 (/opt/ros/humble/share/rosidl_adapter/cmake)
[0.379s] -- Using all available rosidl_typesupport_cpp: rosidl_typesupport_fastrtps_cpp;rosidl_typesupport_introspection_cpp
[0.397s] -- Found std_msgs: 4.2.4 (/opt/ros/humble/share/std_msgs/cmake)
[0.416s] -- Found geometry_msgs: 4.2.4 (/opt/ros/humble/share/geometry_msgs/cmake)
[0.426s] -- Found ament_lint_auto: 0.12.11 (/opt/ros/humble/share/ament_lint_auto/cmake)
[0.778s] -- Found ament_cmake_ros: 0.10.0 (/opt/ros/humble/share/ament_cmake_ros/cmake)
[1.234s] -- Using all available rosidl_typesupport_c: rosidl_typesupport_fastrtps_c;rosidl_typesupport_introspection_c
[1.683s] -- Using all available rosidl_typesupport_cpp: rosidl_typesupport_fastrtps_cpp;rosidl_typesupport_introspection_cpp
[1.684s] [33mCMake Warning (dev) at /opt/ros/humble/share/rosidl_generator_py/cmake/rosidl_generator_py_generate_interfaces.cmake:20 (find_package):
[1.684s]   Policy CMP0148 is not set: The FindPythonInterp and FindPythonLibs modules
[1.684s]   are removed.  Run "cmake --help-policy CMP0148" for policy details.  Use
[1.684s]   the cmake_policy command to set the policy and suppress this warning.
[1.684s] 
[1.684s] Call Stack (most recent call first):
[1.684s]   /opt/ros/humble/share/ament_cmake_core/cmake/core/ament_execute_extensions.cmake:48 (include)
[1.684s]   /opt/ros/humble/share/rosidl_cmake/cmake/rosidl_generate_interfaces.cmake:286 (ament_execute_extensions)
[1.684s]   CMakeLists.txt:26 (rosidl_generate_interfaces)
[1.684s] This warning is for project developers.  Use -Wno-dev to suppress it.
[1.684s] [0m
[1.703s] -- Found python_cmake_module: 0.10.0 (/opt/ros/humble/share/python_cmake_module/cmake)
[1.703s] [33mCMake Warning (dev) at /opt/ros/humble/share/python_cmake_module/cmake/Modules/FindPythonExtra.cmake:52 (find_package):
[1.703s]   Policy CMP0148 is not set: The FindPythonInterp and FindPythonLibs modules
[1.703s]   are removed.  Run "cmake --help-policy CMP0148" for policy details.  Use
[1.703s]   the cmake_policy command to set the policy and suppress this warning.
[1.703s] 
[1.703s] Call Stack (most recent call first):
[1.703s]   /opt/ros/humble/share/rosidl_generator_py/cmake/rosidl_generator_py_generate_interfaces.cmake:23 (find_package)
[1.703s]   /opt/ros/humble/share/ament_cmake_core/cmake/core/ament_execute_extensions.cmake:48 (include)
[1.703s]   /opt/ros/humble/share/rosidl_cmake/cmake/rosidl_generate_interfaces.cmake:286 (ament_execute_extensions)
[1.703s]   CMakeLists.txt:26 (rosidl_generate_interfaces)
[1.703s] This warning is for project developers.  Use -Wno-dev to suppress it.
[1.703s] [0m
[1.717s] [33mCMake Warning (dev) at /opt/ros/humble/share/python_cmake_module/cmake/Modules/FindPythonExtra.cmake:140 (find_package):
[1.717s]   Policy CMP0148 is not set: The FindPythonInterp and FindPythonLibs modules
[1.717s]   are removed.  Run "cmake --help-policy CMP0148" for policy details.  Use
[1.717s]   the cmake_policy command to set the policy and suppress this warning.
[1.717s] 
[1.718s] Call Stack (most recent call first):
[1.718s]   /opt/ros/humble/share/rosidl_generator_py/cmake/rosidl_generator_py_generate_interfaces.cmake:23 (find_package)
[1.718s]   /opt/ros/humble/share/ament_cmake_core/cmake/core/ament_execute_extensions.cmake:48 (include)
[1.718s]   /opt/ros/humble/share/rosidl_cmake/cmake/rosidl_generate_interfaces.cmake:286 (ament_execute_extensions)
[1.718s]   CMakeLists.txt:26 (rosidl_generate_interfaces)
[1.718s] This warning is for project developers.  Use -Wno-dev to suppress it.
[1.718s] [0m
[1.718s] -- Using PYTHON_EXECUTABLE: /usr/bin/python3
[1.718s] -- Using PYTHON_INCLUDE_DIRS: /usr/include/python3.10
[1.718s] -- Using PYTHON_LIBRARIES: /usr/lib/x86_64-linux-gnu/libpython3.10.so
[1.743s] -- Added test 'lint_cmake' to check CMake code style
[1.743s] -- Added test 'xmllint' to check XML markup files
[1.744s] -- Configuring done (1.6s)
[1.764s] -- Generating done (0.0s)
[1.769s] -- Build files have been written to: /home/mitchell/Documents/PhD/drone_cage_control/build/interfaces
[1.777s] [  2%] [34m[1mGenerating C code for ROS interfaces[0m
[1.780s] [  5%] [34m[1mGenerating C++ code for ROS interfaces[0m
[1.782s] [  5%] Built target ament_cmake_python_copy_interfaces
[1.905s] running egg_info
[1.917s] writing interfaces.egg-info/PKG-INFO
[1.917s] writing dependency_links to interfaces.egg-info/dependency_links.txt
[1.917s] writing top-level names to interfaces.egg-info/top_level.txt
[1.918s] [  5%] Built target interfaces__cpp
[1.921s] [  7%] [34m[1mGenerating C++ type support dispatch for ROS interfaces[0m
[1.921s] [ 12%] [34m[1mGenerating C++ introspection for ROS interfaces[0m
[1.921s] [ 10%] [34m[1mGenerating C++ type support for eProsima Fast-RTPS[0m
[1.928s] [ 17%] [32mBuilding C object CMakeFiles/interfaces__rosidl_generator_c.dir/rosidl_generator_c/interfaces/msg/detail/elrs_command__functions.c.o[0m
[1.928s] [ 17%] [32mBuilding C object CMakeFiles/interfaces__rosidl_generator_c.dir/rosidl_generator_c/interfaces/msg/detail/motion_capture_state__functions.c.o[0m
[1.951s] reading manifest file 'interfaces.egg-info/SOURCES.txt'
[1.952s] writing manifest file 'interfaces.egg-info/SOURCES.txt'
[1.960s] [ 20%] [32m[1mLinking C shared library libinterfaces__rosidl_generator_c.so[0m
[1.964s] [ 20%] Built target ament_cmake_python_build_interfaces_egg
[1.975s] [ 20%] Built target interfaces__rosidl_generator_c
[1.978s] [ 25%] [34m[1mGenerating C introspection for ROS interfaces[0m
[1.978s] [ 25%] [34m[1mGenerating C type support dispatch for ROS interfaces[0m
[1.978s] [ 28%] [34m[1mGenerating C type support for eProsima Fast-RTPS[0m
[2.045s] [ 33%] [32mBuilding CXX object CMakeFiles/interfaces__rosidl_typesupport_cpp.dir/rosidl_typesupport_cpp/interfaces/msg/motion_capture_state__type_support.cpp.o[0m
[2.045s] [ 33%] [32mBuilding CXX object CMakeFiles/interfaces__rosidl_typesupport_cpp.dir/rosidl_typesupport_cpp/interfaces/msg/elrs_command__type_support.cpp.o[0m
[2.057s] [ 35%] [32mBuilding CXX object CMakeFiles/interfaces__rosidl_typesupport_introspection_cpp.dir/rosidl_typesupport_introspection_cpp/interfaces/msg/detail/motion_capture_state__type_support.cpp.o[0m
[2.057s] [ 38%] [32mBuilding CXX object CMakeFiles/interfaces__rosidl_typesupport_introspection_cpp.dir/rosidl_typesupport_introspection_cpp/interfaces/msg/detail/elrs_command__type_support.cpp.o[0m
[2.062s] [ 41%] [32mBuilding CXX object CMakeFiles/interfaces__rosidl_typesupport_fastrtps_cpp.dir/rosidl_typesupport_fastrtps_cpp/interfaces/msg/detail/dds_fastrtps/motion_capture_state__type_support.cpp.o[0m
[2.062s] [ 43%] [32mBuilding CXX object CMakeFiles/interfaces__rosidl_typesupport_fastrtps_cpp.dir/rosidl_typesupport_fastrtps_cpp/interfaces/msg/detail/dds_fastrtps/elrs_command__type_support.cpp.o[0m
[2.100s] [ 46%] [32mBuilding CXX object CMakeFiles/interfaces__rosidl_typesupport_c.dir/rosidl_typesupport_c/interfaces/msg/elrs_command__type_support.cpp.o[0m
[2.100s] [ 48%] [32mBuilding CXX object CMakeFiles/interfaces__rosidl_typesupport_c.dir/rosidl_typesupport_c/interfaces/msg/motion_capture_state__type_support.cpp.o[0m
[2.118s] [ 53%] [32mBuilding CXX object CMakeFiles/interfaces__rosidl_typesupport_fastrtps_c.dir/rosidl_typesupport_fastrtps_c/interfaces/msg/detail/elrs_command__type_support_c.cpp.o[0m
[2.118s] [ 53%] [32mBuilding CXX object CMakeFiles/interfaces__rosidl_typesupport_fastrtps_c.dir/rosidl_typesupport_fastrtps_c/interfaces/msg/detail/motion_capture_state__type_support_c.cpp.o[0m
[2.121s] [ 56%] [32m[1mLinking CXX shared library libinterfaces__rosidl_typesupport_c.so[0m
[2.138s] [ 56%] Built target interfaces__rosidl_typesupport_c
[2.150s] [ 58%] [32mBuilding C object CMakeFiles/interfaces__rosidl_typesupport_introspection_c.dir/rosidl_typesupport_introspection_c/interfaces/msg/detail/motion_capture_state__type_support.c.o[0m
[2.151s] [ 61%] [32mBuilding C object CMakeFiles/interfaces__rosidl_typesupport_introspection_c.dir/rosidl_typesupport_introspection_c/interfaces/msg/detail/elrs_command__type_support.c.o[0m
[2.175s] [ 64%] [32m[1mLinking C shared library libinterfaces__rosidl_typesupport_introspection_c.so[0m
[2.186s] [ 66%] [32m[1mLinking CXX shared library libinterfaces__rosidl_typesupport_cpp.so[0m
[2.187s] [ 66%] Built target interfaces__rosidl_typesupport_introspection_c
[2.208s] [ 66%] Built target interfaces__rosidl_typesupport_cpp
[2.273s] [ 69%] [32m[1mLinking CXX shared library libinterfaces__rosidl_typesupport_fastrtps_cpp.so[0m
[2.296s] [ 71%] [32m[1mLinking CXX shared library libinterfaces__rosidl_typesupport_fastrtps_c.so[0m
[2.298s] [ 74%] [32m[1mLinking CXX shared library libinterfaces__rosidl_typesupport_introspection_cpp.so[0m
[2.307s] [ 74%] Built target interfaces__rosidl_typesupport_fastrtps_cpp
[2.327s] [ 74%] Built target interfaces__rosidl_typesupport_introspection_cpp
[2.328s] [ 74%] Built target interfaces__rosidl_typesupport_fastrtps_c
[2.334s] [ 74%] Built target interfaces
[2.340s] [ 76%] [34m[1mGenerating Python code for ROS interfaces[0m
[2.529s] [ 76%] Built target interfaces__py
[2.539s] [ 79%] [32mBuilding C object CMakeFiles/interfaces__rosidl_generator_py.dir/rosidl_generator_py/interfaces/msg/_motion_capture_state_s.c.o[0m
[2.539s] [ 82%] [32mBuilding C object CMakeFiles/interfaces__rosidl_generator_py.dir/rosidl_generator_py/interfaces/msg/_elrs_command_s.c.o[0m
[2.617s] [ 84%] [32m[1mLinking C shared library rosidl_generator_py/interfaces/libinterfaces__rosidl_generator_py.so[0m
[2.636s] [ 84%] Built target interfaces__rosidl_generator_py
[2.645s] [ 87%] [32mBuilding C object CMakeFiles/interfaces__rosidl_typesupport_introspection_c__pyext.dir/rosidl_generator_py/interfaces/_interfaces_s.ep.rosidl_typesupport_introspection_c.c.o[0m
[2.646s] [ 92%] [32mBuilding C object CMakeFiles/interfaces__rosidl_typesupport_c__pyext.dir/rosidl_generator_py/interfaces/_interfaces_s.ep.rosidl_typesupport_c.c.o[0m
[2.646s] [ 92%] [32mBuilding C object CMakeFiles/interfaces__rosidl_typesupport_fastrtps_c__pyext.dir/rosidl_generator_py/interfaces/_interfaces_s.ep.rosidl_typesupport_fastrtps_c.c.o[0m
[2.727s] [ 94%] [32m[1mLinking C shared library rosidl_generator_py/interfaces/interfaces_s__rosidl_typesupport_fastrtps_c.cpython-310-x86_64-linux-gnu.so[0m
[2.728s] [ 97%] [32m[1mLinking C shared library rosidl_generator_py/interfaces/interfaces_s__rosidl_typesupport_c.cpython-310-x86_64-linux-gnu.so[0m
[2.729s] [100%] [32m[1mLinking C shared library rosidl_generator_py/interfaces/interfaces_s__rosidl_typesupport_introspection_c.cpython-310-x86_64-linux-gnu.so[0m
[2.744s] [100%] Built target interfaces__rosidl_typesupport_fastrtps_c__pyext
[2.744s] [100%] Built target interfaces__rosidl_typesupport_c__pyext
[2.745s] [100%] Built target interfaces__rosidl_typesupport_introspection_c__pyext
[2.748s] Invoked command in '/home/mitchell/Documents/PhD/drone_cage_control/build/interfaces' returned '0': CMAKE_PREFIX_PATH=${CMAKE_PREFIX_PATH}:/home/mitchell/Documents/PhD/drone_cage_control/install/motion_capture_publisher:/home/mitchell/Documents/PhD/drone_cage_control/install/drone_communication:/opt/ros/humble /home/mitchell/.local/bin/cmake --build /home/mitchell/Documents/PhD/drone_cage_control/build/interfaces -- -j28 -l28
[2.791s] Invoking command in '/home/mitchell/Documents/PhD/drone_cage_control/build/interfaces': CMAKE_PREFIX_PATH=${CMAKE_PREFIX_PATH}:/home/mitchell/Documents/PhD/drone_cage_control/install/motion_capture_publisher:/home/mitchell/Documents/PhD/drone_cage_control/install/drone_communication:/opt/ros/humble /home/mitchell/.local/bin/cmake --install /home/mitchell/Documents/PhD/drone_cage_control/build/interfaces
[2.832s] -- Install configuration: ""
[2.832s] -- Up-to-date: /home/mitchell/Documents/PhD/drone_cage_control/install/interfaces/share/ament_index/resource_index/rosidl_interfaces/interfaces
[2.832s] -- Up-to-date: /home/mitchell/Documents/PhD/drone_cage_control/install/interfaces/include/interfaces/interfaces
[2.832s] -- Up-to-date: /home/mitchell/Documents/PhD/drone_cage_control/install/interfaces/include/interfaces/interfaces/msg
[2.832s] -- Installing: /home/mitchell/Documents/PhD/drone_cage_control/install/interfaces/include/interfaces/interfaces/msg/elrs_command.h
[2.833s] -- Installing: /home/mitchell/Documents/PhD/drone_cage_control/install/interfaces/include/interfaces/interfaces/msg/motion_capture_state.h
[2.833s] -- Up-to-date: /home/mitchell/Documents/PhD/drone_cage_control/install/interfaces/include/interfaces/interfaces/msg/rosidl_generator_c__visibility_control.h
[2.833s] -- Up-to-date: /home/mitchell/Documents/PhD/drone_cage_control/install/interfaces/include/interfaces/interfaces/msg/detail
[2.833s] -- Installing: /home/mitchell/Documents/PhD/drone_cage_control/install/interfaces/include/interfaces/interfaces/msg/detail/motion_capture_state__struct.h
[2.833s] -- Installing: /home/mitchell/Documents/PhD/drone_cage_control/install/interfaces/include/interfaces/interfaces/msg/detail/elrs_command__functions.h
[2.833s] -- Installing: /home/mitchell/Documents/PhD/drone_cage_control/install/interfaces/include/interfaces/interfaces/msg/detail/elrs_command__functions.c
[2.833s] -- Installing: /home/mitchell/Documents/PhD/drone_cage_control/install/interfaces/include/interfaces/interfaces/msg/detail/elrs_command__struct.h
[2.833s] -- Installing: /home/mitchell/Documents/PhD/drone_cage_control/install/interfaces/include/interfaces/interfaces/msg/detail/motion_capture_state__functions.h
[2.833s] -- Installing: /home/mitchell/Documents/PhD/drone_cage_control/install/interfaces/include/interfaces/interfaces/msg/detail/elrs_command__type_support.h
[2.833s] -- Installing: /home/mitchell/Documents/PhD/drone_cage_control/install/interfaces/include/interfaces/interfaces/msg/detail/motion_capture_state__type_support.h
[2.833s] -- Installing: /home/mitchell/Documents/PhD/drone_cage_control/install/interfaces/include/interfaces/interfaces/msg/detail/motion_capture_state__functions.c
[2.833s] -- Up-to-date: /home/mitchell/Documents/PhD/drone_cage_control/install/interfaces/share/interfaces/environment/library_path.sh
[2.833s] -- Installing: /home/mitchell/Documents/PhD/drone_cage_control/install/interfaces/share/interfaces/environment/library_path.dsv
[2.833s] -- Installing: /home/mitchell/Documents/PhD/drone_cage_control/install/interfaces/lib/libinterfaces__rosidl_generator_c.so
[2.833s] -- Set non-toolchain portion of runtime path of "/home/mitchell/Documents/PhD/drone_cage_control/install/interfaces/lib/libinterfaces__rosidl_generator_c.so" to ""
[2.834s] -- Up-to-date: /home/mitchell/Documents/PhD/drone_cage_control/install/interfaces/include/interfaces/interfaces
[2.834s] -- Up-to-date: /home/mitchell/Documents/PhD/drone_cage_control/install/interfaces/include/interfaces/interfaces/msg
[2.834s] -- Up-to-date: /home/mitchell/Documents/PhD/drone_cage_control/install/interfaces/include/interfaces/interfaces/msg/rosidl_typesupport_fastrtps_c__visibility_control.h
[2.834s] -- Up-to-date: /home/mitchell/Documents/PhD/drone_cage_control/install/interfaces/include/interfaces/interfaces/msg/detail
[2.834s] -- Installing: /home/mitchell/Documents/PhD/drone_cage_control/install/interfaces/include/interfaces/interfaces/msg/detail/motion_capture_state__rosidl_typesupport_fastrtps_c.h
[2.834s] -- Installing: /home/mitchell/Documents/PhD/drone_cage_control/install/interfaces/include/interfaces/interfaces/msg/detail/elrs_command__rosidl_typesupport_fastrtps_c.h
[2.834s] -- Installing: /home/mitchell/Documents/PhD/drone_cage_control/install/interfaces/lib/libinterfaces__rosidl_typesupport_fastrtps_c.so
[2.834s] -- Set non-toolchain portion of runtime path of "/home/mitchell/Documents/PhD/drone_cage_control/install/interfaces/lib/libinterfaces__rosidl_typesupport_fastrtps_c.so" to ""
[2.834s] -- Up-to-date: /home/mitchell/Documents/PhD/drone_cage_control/install/interfaces/include/interfaces/interfaces
[2.834s] -- Up-to-date: /home/mitchell/Documents/PhD/drone_cage_control/install/interfaces/include/interfaces/interfaces/msg
[2.834s] -- Up-to-date: /home/mitchell/Documents/PhD/drone_cage_control/install/interfaces/include/interfaces/interfaces/msg/rosidl_typesupport_introspection_c__visibility_control.h
[2.834s] -- Up-to-date: /home/mitchell/Documents/PhD/drone_cage_control/install/interfaces/include/interfaces/interfaces/msg/detail
[2.834s] -- Installing: /home/mitchell/Documents/PhD/drone_cage_control/install/interfaces/include/interfaces/interfaces/msg/detail/motion_capture_state__type_support.c
[2.834s] -- Installing: /home/mitchell/Documents/PhD/drone_cage_control/install/interfaces/include/interfaces/interfaces/msg/detail/elrs_command__rosidl_typesupport_introspection_c.h
[2.835s] -- Installing: /home/mitchell/Documents/PhD/drone_cage_control/install/interfaces/include/interfaces/interfaces/msg/detail/motion_capture_state__rosidl_typesupport_introspection_c.h
[2.835s] -- Installing: /home/mitchell/Documents/PhD/drone_cage_control/install/interfaces/include/interfaces/interfaces/msg/detail/elrs_command__type_support.c
[2.835s] -- Installing: /home/mitchell/Documents/PhD/drone_cage_control/install/interfaces/lib/libinterfaces__rosidl_typesupport_introspection_c.so
[2.835s] -- Set non-toolchain portion of runtime path of "/home/mitchell/Documents/PhD/drone_cage_control/install/interfaces/lib/libinterfaces__rosidl_typesupport_introspection_c.so" to ""
[2.835s] -- Installing: /home/mitchell/Documents/PhD/drone_cage_control/install/interfaces/lib/libinterfaces__rosidl_typesupport_c.so
[2.835s] -- Set non-toolchain portion of runtime path of "/home/mitchell/Documents/PhD/drone_cage_control/install/interfaces/lib/libinterfaces__rosidl_typesupport_c.so" to ""
[2.835s] -- Up-to-date: /home/mitchell/Documents/PhD/drone_cage_control/install/interfaces/include/interfaces/interfaces
[2.835s] -- Up-to-date: /home/mitchell/Documents/PhD/drone_cage_control/install/interfaces/include/interfaces/interfaces/msg
[2.835s] -- Installing: /home/mitchell/Documents/PhD/drone_cage_control/install/interfaces/include/interfaces/interfaces/msg/motion_capture_state.hpp
[2.835s] -- Up-to-date: /home/mitchell/Documents/PhD/drone_cage_control/install/interfaces/include/interfaces/interfaces/msg/rosidl_generator_cpp__visibility_control.hpp
[2.835s] -- Installing: /home/mitchell/Documents/PhD/drone_cage_control/install/interfaces/include/interfaces/interfaces/msg/elrs_command.hpp
[2.835s] -- Up-to-date: /home/mitchell/Documents/PhD/drone_cage_control/install/interfaces/include/interfaces/interfaces/msg/detail
[2.835s] -- Installing: /home/mitchell/Documents/PhD/drone_cage_control/install/interfaces/include/interfaces/interfaces/msg/detail/elrs_command__builder.hpp
[2.835s] -- Installing: /home/mitchell/Documents/PhD/drone_cage_control/install/interfaces/include/interfaces/interfaces/msg/detail/motion_capture_state__traits.hpp
[2.835s] -- Installing: /home/mitchell/Documents/PhD/drone_cage_control/install/interfaces/include/interfaces/interfaces/msg/detail/elrs_command__traits.hpp
[2.835s] -- Installing: /home/mitchell/Documents/PhD/drone_cage_control/install/interfaces/include/interfaces/interfaces/msg/detail/elrs_command__type_support.hpp
[2.835s] -- Installing: /home/mitchell/Documents/PhD/drone_cage_control/install/interfaces/include/interfaces/interfaces/msg/detail/motion_capture_state__builder.hpp
[2.836s] -- Installing: /home/mitchell/Documents/PhD/drone_cage_control/install/interfaces/include/interfaces/interfaces/msg/detail/motion_capture_state__struct.hpp
[2.836s] -- Installing: /home/mitchell/Documents/PhD/drone_cage_control/install/interfaces/include/interfaces/interfaces/msg/detail/motion_capture_state__type_support.hpp
[2.836s] -- Installing: /home/mitchell/Documents/PhD/drone_cage_control/install/interfaces/include/interfaces/interfaces/msg/detail/elrs_command__struct.hpp
[2.836s] -- Up-to-date: /home/mitchell/Documents/PhD/drone_cage_control/install/interfaces/include/interfaces/interfaces
[2.836s] -- Up-to-date: /home/mitchell/Documents/PhD/drone_cage_control/install/interfaces/include/interfaces/interfaces/msg
[2.836s] -- Up-to-date: /home/mitchell/Documents/PhD/drone_cage_control/install/interfaces/include/interfaces/interfaces/msg/rosidl_typesupport_fastrtps_cpp__visibility_control.h
[2.836s] -- Up-to-date: /home/mitchell/Documents/PhD/drone_cage_control/install/interfaces/include/interfaces/interfaces/msg/detail
[2.836s] -- Installing: /home/mitchell/Documents/PhD/drone_cage_control/install/interfaces/include/interfaces/interfaces/msg/detail/elrs_command__rosidl_typesupport_fastrtps_cpp.hpp
[2.836s] -- Up-to-date: /home/mitchell/Documents/PhD/drone_cage_control/install/interfaces/include/interfaces/interfaces/msg/detail/dds_fastrtps
[2.836s] -- Installing: /home/mitchell/Documents/PhD/drone_cage_control/install/interfaces/include/interfaces/interfaces/msg/detail/motion_capture_state__rosidl_typesupport_fastrtps_cpp.hpp
[2.836s] -- Installing: /home/mitchell/Documents/PhD/drone_cage_control/install/interfaces/lib/libinterfaces__rosidl_typesupport_fastrtps_cpp.so
[2.836s] -- Set non-toolchain portion of runtime path of "/home/mitchell/Documents/PhD/drone_cage_control/install/interfaces/lib/libinterfaces__rosidl_typesupport_fastrtps_cpp.so" to ""
[2.836s] -- Up-to-date: /home/mitchell/Documents/PhD/drone_cage_control/install/interfaces/include/interfaces/interfaces
[2.836s] -- Up-to-date: /home/mitchell/Documents/PhD/drone_cage_control/install/interfaces/include/interfaces/interfaces/msg
[2.836s] -- Up-to-date: /home/mitchell/Documents/PhD/drone_cage_control/install/interfaces/include/interfaces/interfaces/msg/detail
[2.836s] -- Installing: /home/mitchell/Documents/PhD/drone_cage_control/install/interfaces/include/interfaces/interfaces/msg/detail/motion_capture_state__rosidl_typesupport_introspection_cpp.hpp
[2.837s] -- Installing: /home/mitchell/Documents/PhD/drone_cage_control/install/interfaces/include/interfaces/interfaces/msg/detail/elrs_command__rosidl_typesupport_introspection_cpp.hpp
[2.837s] -- Installing: /home/mitchell/Documents/PhD/drone_cage_control/install/interfaces/include/interfaces/interfaces/msg/detail/elrs_command__type_support.cpp
[2.837s] -- Installing: /home/mitchell/Documents/PhD/drone_cage_control/install/interfaces/include/interfaces/interfaces/msg/detail/motion_capture_state__type_support.cpp
[2.837s] -- Installing: /home/mitchell/Documents/PhD/drone_cage_control/install/interfaces/lib/libinterfaces__rosidl_typesupport_introspection_cpp.so
[2.837s] -- Set non-toolchain portion of runtime path of "/home/mitchell/Documents/PhD/drone_cage_control/install/interfaces/lib/libinterfaces__rosidl_typesupport_introspection_cpp.so" to ""
[2.837s] -- Installing: /home/mitchell/Documents/PhD/drone_cage_control/install/interfaces/lib/libinterfaces__rosidl_typesupport_cpp.so
[2.837s] -- Set non-toolchain portion of runtime path of "/home/mitchell/Documents/PhD/drone_cage_control/install/interfaces/lib/libinterfaces__rosidl_typesupport_cpp.so" to ""
[2.837s] -- Up-to-date: /home/mitchell/Documents/PhD/drone_cage_control/install/interfaces/share/interfaces/environment/pythonpath.sh
[2.837s] -- Installing: /home/mitchell/Documents/PhD/drone_cage_control/install/interfaces/share/interfaces/environment/pythonpath.dsv
[2.837s] -- Up-to-date: /home/mitchell/Documents/PhD/drone_cage_control/install/interfaces/local/lib/python3.10/dist-packages/interfaces-0.0.0-py3.10.egg-info
[2.837s] -- Installing: /home/mitchell/Documents/PhD/drone_cage_control/install/interfaces/local/lib/python3.10/dist-packages/interfaces-0.0.0-py3.10.egg-info/top_level.txt
[2.837s] -- Installing: /home/mitchell/Documents/PhD/drone_cage_control/install/interfaces/local/lib/python3.10/dist-packages/interfaces-0.0.0-py3.10.egg-info/PKG-INFO
[2.837s] -- Installing: /home/mitchell/Documents/PhD/drone_cage_control/install/interfaces/local/lib/python3.10/dist-packages/interfaces-0.0.0-py3.10.egg-info/dependency_links.txt
[2.837s] -- Installing: /home/mitchell/Documents/PhD/drone_cage_control/install/interfaces/local/lib/python3.10/dist-packages/interfaces-0.0.0-py3.10.egg-info/SOURCES.txt
[2.837s] -- Up-to-date: /home/mitchell/Documents/PhD/drone_cage_control/install/interfaces/local/lib/python3.10/dist-packages/interfaces
[2.837s] -- Installing: /home/mitchell/Documents/PhD/drone_cage_control/install/interfaces/local/lib/python3.10/dist-packages/interfaces/__init__.py
[2.837s] -- Installing: /home/mitchell/Documents/PhD/drone_cage_control/install/interfaces/local/lib/python3.10/dist-packages/interfaces/libinterfaces__rosidl_generator_py.so
[2.837s] -- Up-to-date: /home/mitchell/Documents/PhD/drone_cage_control/install/interfaces/local/lib/python3.10/dist-packages/interfaces/msg
[2.837s] -- Installing: /home/mitchell/Documents/PhD/drone_cage_control/install/interfaces/local/lib/python3.10/dist-packages/interfaces/msg/__init__.py
[2.838s] -- Installing: /home/mitchell/Documents/PhD/drone_cage_control/install/interfaces/local/lib/python3.10/dist-packages/interfaces/msg/_motion_capture_state_s.c
[2.838s] -- Installing: /home/mitchell/Documents/PhD/drone_cage_control/install/interfaces/local/lib/python3.10/dist-packages/interfaces/msg/_elrs_command.py
[2.838s] -- Installing: /home/mitchell/Documents/PhD/drone_cage_control/install/interfaces/local/lib/python3.10/dist-packages/interfaces/msg/_motion_capture_state.py
[2.838s] -- Installing: /home/mitchell/Documents/PhD/drone_cage_control/install/interfaces/local/lib/python3.10/dist-packages/interfaces/msg/_elrs_command_s.c
[2.838s] -- Installing: /home/mitchell/Documents/PhD/drone_cage_control/install/interfaces/local/lib/python3.10/dist-packages/interfaces/interfaces_s__rosidl_typesupport_introspection_c.cpython-310-x86_64-linux-gnu.so
[2.838s] -- Installing: /home/mitchell/Documents/PhD/drone_cage_control/install/interfaces/local/lib/python3.10/dist-packages/interfaces/_interfaces_s.ep.rosidl_typesupport_fastrtps_c.c
[2.838s] -- Installing: /home/mitchell/Documents/PhD/drone_cage_control/install/interfaces/local/lib/python3.10/dist-packages/interfaces/_interfaces_s.ep.rosidl_typesupport_introspection_c.c
[2.838s] -- Installing: /home/mitchell/Documents/PhD/drone_cage_control/install/interfaces/local/lib/python3.10/dist-packages/interfaces/interfaces_s__rosidl_typesupport_c.cpython-310-x86_64-linux-gnu.so
[2.838s] -- Installing: /home/mitchell/Documents/PhD/drone_cage_control/install/interfaces/local/lib/python3.10/dist-packages/interfaces/_interfaces_s.ep.rosidl_typesupport_c.c
[2.838s] -- Installing: /home/mitchell/Documents/PhD/drone_cage_control/install/interfaces/local/lib/python3.10/dist-packages/interfaces/interfaces_s__rosidl_typesupport_fastrtps_c.cpython-310-x86_64-linux-gnu.so
[2.859s] Listing '/home/mitchell/Documents/PhD/drone_cage_control/install/interfaces/local/lib/python3.10/dist-packages/interfaces'...
[2.859s] Compiling '/home/mitchell/Documents/PhD/drone_cage_control/install/interfaces/local/lib/python3.10/dist-packages/interfaces/__init__.py'...
[2.859s] Listing '/home/mitchell/Documents/PhD/drone_cage_control/install/interfaces/local/lib/python3.10/dist-packages/interfaces/msg'...
[2.859s] Compiling '/home/mitchell/Documents/PhD/drone_cage_control/install/interfaces/local/lib/python3.10/dist-packages/interfaces/msg/__init__.py'...
[2.859s] Compiling '/home/mitchell/Documents/PhD/drone_cage_control/install/interfaces/local/lib/python3.10/dist-packages/interfaces/msg/_elrs_command.py'...
[2.859s] Compiling '/home/mitchell/Documents/PhD/drone_cage_control/install/interfaces/local/lib/python3.10/dist-packages/interfaces/msg/_motion_capture_state.py'...
[2.861s] -- Installing: /home/mitchell/Documents/PhD/drone_cage_control/install/interfaces/local/lib/python3.10/dist-packages/interfaces/interfaces_s__rosidl_typesupport_fastrtps_c.cpython-310-x86_64-linux-gnu.so
[2.861s] -- Set non-toolchain portion of runtime path of "/home/mitchell/Documents/PhD/drone_cage_control/install/interfaces/local/lib/python3.10/dist-packages/interfaces/interfaces_s__rosidl_typesupport_fastrtps_c.cpython-310-x86_64-linux-gnu.so" to ""
[2.861s] -- Installing: /home/mitchell/Documents/PhD/drone_cage_control/install/interfaces/local/lib/python3.10/dist-packages/interfaces/interfaces_s__rosidl_typesupport_introspection_c.cpython-310-x86_64-linux-gnu.so
[2.861s] -- Set non-toolchain portion of runtime path of "/home/mitchell/Documents/PhD/drone_cage_control/install/interfaces/local/lib/python3.10/dist-packages/interfaces/interfaces_s__rosidl_typesupport_introspection_c.cpython-310-x86_64-linux-gnu.so" to ""
[2.861s] -- Installing: /home/mitchell/Documents/PhD/drone_cage_control/install/interfaces/local/lib/python3.10/dist-packages/interfaces/interfaces_s__rosidl_typesupport_c.cpython-310-x86_64-linux-gnu.so
[2.861s] -- Set non-toolchain portion of runtime path of "/home/mitchell/Documents/PhD/drone_cage_control/install/interfaces/local/lib/python3.10/dist-packages/interfaces/interfaces_s__rosidl_typesupport_c.cpython-310-x86_64-linux-gnu.so" to ""
[2.862s] -- Installing: /home/mitchell/Documents/PhD/drone_cage_control/install/interfaces/lib/libinterfaces__rosidl_generator_py.so
[2.862s] -- Set non-toolchain portion of runtime path of "/home/mitchell/Documents/PhD/drone_cage_control/install/interfaces/lib/libinterfaces__rosidl_generator_py.so" to ""
[2.862s] -- Up-to-date: /home/mitchell/Documents/PhD/drone_cage_control/install/interfaces/share/interfaces/msg/MotionCaptureState.idl
[2.862s] -- Installing: /home/mitchell/Documents/PhD/drone_cage_control/install/interfaces/share/interfaces/msg/ELRSCommand.idl
[2.862s] -- Up-to-date: /home/mitchell/Documents/PhD/drone_cage_control/install/interfaces/share/interfaces/msg/MotionCaptureState.msg
[2.862s] -- Installing: /home/mitchell/Documents/PhD/drone_cage_control/install/interfaces/share/interfaces/msg/ELRSCommand.msg
[2.862s] -- Up-to-date: /home/mitchell/Documents/PhD/drone_cage_control/install/interfaces/share/ament_index/resource_index/package_run_dependencies/interfaces
[2.862s] -- Up-to-date: /home/mitchell/Documents/PhD/drone_cage_control/install/interfaces/share/ament_index/resource_index/parent_prefix_path/interfaces
[2.862s] -- Up-to-date: /home/mitchell/Documents/PhD/drone_cage_control/install/interfaces/share/interfaces/environment/ament_prefix_path.sh
[2.862s] -- Installing: /home/mitchell/Documents/PhD/drone_cage_control/install/interfaces/share/interfaces/environment/ament_prefix_path.dsv
[2.862s] -- Up-to-date: /home/mitchell/Documents/PhD/drone_cage_control/install/interfaces/share/interfaces/environment/path.sh
[2.862s] -- Installing: /home/mitchell/Documents/PhD/drone_cage_control/install/interfaces/share/interfaces/environment/path.dsv
[2.862s] -- Up-to-date: /home/mitchell/Documents/PhD/drone_cage_control/install/interfaces/share/interfaces/local_setup.bash
[2.862s] -- Up-to-date: /home/mitchell/Documents/PhD/drone_cage_control/install/interfaces/share/interfaces/local_setup.sh
[2.863s] -- Up-to-date: /home/mitchell/Documents/PhD/drone_cage_control/install/interfaces/share/interfaces/local_setup.zsh
[2.863s] -- Installing: /home/mitchell/Documents/PhD/drone_cage_control/install/interfaces/share/interfaces/local_setup.dsv
[2.863s] -- Installing: /home/mitchell/Documents/PhD/drone_cage_control/install/interfaces/share/interfaces/package.dsv
[2.863s] -- Up-to-date: /home/mitchell/Documents/PhD/drone_cage_control/install/interfaces/share/ament_index/resource_index/packages/interfaces
[2.863s] -- Up-to-date: /home/mitchell/Documents/PhD/drone_cage_control/install/interfaces/share/interfaces/cmake/export_interfaces__rosidl_generator_cExport.cmake
[2.863s] -- Up-to-date: /home/mitchell/Documents/PhD/drone_cage_control/install/interfaces/share/interfaces/cmake/export_interfaces__rosidl_generator_cExport-noconfig.cmake
[2.863s] -- Up-to-date: /home/mitchell/Documents/PhD/drone_cage_control/install/interfaces/share/interfaces/cmake/export_interfaces__rosidl_typesupport_fastrtps_cExport.cmake
[2.863s] -- Up-to-date: /home/mitchell/Documents/PhD/drone_cage_control/install/interfaces/share/interfaces/cmake/export_interfaces__rosidl_typesupport_fastrtps_cExport-noconfig.cmake
[2.863s] -- Up-to-date: /home/mitchell/Documents/PhD/drone_cage_control/install/interfaces/share/interfaces/cmake/interfaces__rosidl_typesupport_introspection_cExport.cmake
[2.863s] -- Up-to-date: /home/mitchell/Documents/PhD/drone_cage_control/install/interfaces/share/interfaces/cmake/interfaces__rosidl_typesupport_introspection_cExport-noconfig.cmake
[2.863s] -- Up-to-date: /home/mitchell/Documents/PhD/drone_cage_control/install/interfaces/share/interfaces/cmake/interfaces__rosidl_typesupport_cExport.cmake
[2.863s] -- Up-to-date: /home/mitchell/Documents/PhD/drone_cage_control/install/interfaces/share/interfaces/cmake/interfaces__rosidl_typesupport_cExport-noconfig.cmake
[2.863s] -- Up-to-date: /home/mitchell/Documents/PhD/drone_cage_control/install/interfaces/share/interfaces/cmake/export_interfaces__rosidl_generator_cppExport.cmake
[2.863s] -- Up-to-date: /home/mitchell/Documents/PhD/drone_cage_control/install/interfaces/share/interfaces/cmake/export_interfaces__rosidl_typesupport_fastrtps_cppExport.cmake
[2.864s] -- Up-to-date: /home/mitchell/Documents/PhD/drone_cage_control/install/interfaces/share/interfaces/cmake/export_interfaces__rosidl_typesupport_fastrtps_cppExport-noconfig.cmake
[2.864s] -- Up-to-date: /home/mitchell/Documents/PhD/drone_cage_control/install/interfaces/share/interfaces/cmake/interfaces__rosidl_typesupport_introspection_cppExport.cmake
[2.864s] -- Up-to-date: /home/mitchell/Documents/PhD/drone_cage_control/install/interfaces/share/interfaces/cmake/interfaces__rosidl_typesupport_introspection_cppExport-noconfig.cmake
[2.864s] -- Up-to-date: /home/mitchell/Documents/PhD/drone_cage_control/install/interfaces/share/interfaces/cmake/interfaces__rosidl_typesupport_cppExport.cmake
[2.864s] -- Up-to-date: /home/mitchell/Documents/PhD/drone_cage_control/install/interfaces/share/interfaces/cmake/interfaces__rosidl_typesupport_cppExport-noconfig.cmake
[2.864s] -- Up-to-date: /home/mitchell/Documents/PhD/drone_cage_control/install/interfaces/share/interfaces/cmake/export_interfaces__rosidl_generator_pyExport.cmake
[2.864s] -- Up-to-date: /home/mitchell/Documents/PhD/drone_cage_control/install/interfaces/share/interfaces/cmake/export_interfaces__rosidl_generator_pyExport-noconfig.cmake
[2.864s] -- Up-to-date: /home/mitchell/Documents/PhD/drone_cage_control/install/interfaces/share/interfaces/cmake/rosidl_cmake-extras.cmake
[2.864s] -- Up-to-date: /home/mitchell/Documents/PhD/drone_cage_control/install/interfaces/share/interfaces/cmake/ament_cmake_export_dependencies-extras.cmake
[2.864s] -- Up-to-date: /home/mitchell/Documents/PhD/drone_cage_control/install/interfaces/share/interfaces/cmake/ament_cmake_export_include_directories-extras.cmake
[2.865s] -- Up-to-date: /home/mitchell/Documents/PhD/drone_cage_control/install/interfaces/share/interfaces/cmake/ament_cmake_export_libraries-extras.cmake
[2.865s] -- Up-to-date: /home/mitchell/Documents/PhD/drone_cage_control/install/interfaces/share/interfaces/cmake/ament_cmake_export_targets-extras.cmake
[2.865s] -- Up-to-date: /home/mitchell/Documents/PhD/drone_cage_control/install/interfaces/share/interfaces/cmake/rosidl_cmake_export_typesupport_targets-extras.cmake
[2.865s] -- Up-to-date: /home/mitchell/Documents/PhD/drone_cage_control/install/interfaces/share/interfaces/cmake/rosidl_cmake_export_typesupport_libraries-extras.cmake
[2.865s] -- Up-to-date: /home/mitchell/Documents/PhD/drone_cage_control/install/interfaces/share/interfaces/cmake/interfacesConfig.cmake
[2.865s] -- Up-to-date: /home/mitchell/Documents/PhD/drone_cage_control/install/interfaces/share/interfaces/cmake/interfacesConfig-version.cmake
[2.865s] -- Up-to-date: /home/mitchell/Documents/PhD/drone_cage_control/install/interfaces/share/interfaces/package.xml
[2.865s] Invoked command in '/home/mitchell/Documents/PhD/drone_cage_control/build/interfaces' returned '0': CMAKE_PREFIX_PATH=${CMAKE_PREFIX_PATH}:/home/mitchell/Documents/PhD/drone_cage_control/install/motion_capture_publisher:/home/mitchell/Documents/PhD/drone_cage_control/install/drone_communication:/opt/ros/humble /home/mitchell/.local/bin/cmake --install /home/mitchell/Documents/PhD/drone_cage_control/build/interfaces
