[0.056s] [34mcolcon[0m [1;30mDEBUG[0m [32mCommand line arguments: ['/usr/bin/colcon', 'build'][0m
[0.056s] [34mcolcon[0m [1;30mDEBUG[0m [32mParsed command line arguments: Namespace(log_base=None, log_level=None, verb_name='build', build_base='build', install_base='install', merge_install=False, symlink_install=False, test_result_base=None, continue_on_error=False, executor='parallel', parallel_workers=28, event_handlers=None, ignore_user_meta=False, metas=['./colcon.meta'], base_paths=['.'], packages_ignore=None, packages_ignore_regex=None, paths=None, packages_up_to=None, packages_up_to_regex=None, packages_above=None, packages_above_and_dependencies=None, packages_above_depth=None, packages_select_by_dep=None, packages_skip_by_dep=None, packages_skip_up_to=None, packages_select_build_failed=False, packages_skip_build_finished=False, packages_select_test_failures=False, packages_skip_test_passed=False, packages_select=None, packages_skip=None, packages_select_regex=None, packages_skip_regex=None, packages_start=None, packages_end=None, allow_overriding=[], cmake_args=None, cmake_target=None, cmake_target_skip_unavailable=False, cmake_clean_cache=False, cmake_clean_first=False, cmake_force_configure=False, ament_cmake_args=None, catkin_cmake_args=None, catkin_skip_building_tests=False, mixin_files=None, mixin=None, verb_parser=<colcon_mixin.mixin.mixin_argument.MixinArgumentDecorator object at 0x76c45c7a5d50>, verb_extension=<colcon_core.verb.build.BuildVerb object at 0x76c45c896ef0>, main=<bound method BuildVerb.main of <colcon_core.verb.build.BuildVerb object at 0x76c45c896ef0>>, mixin_verb=('build',))[0m
[0.074s] [34mcolcon.colcon_core.package_discovery[0m [1;30mLevel 1[0m discover_packages(colcon_meta) check parameters
[0.074s] [34mcolcon.colcon_core.package_discovery[0m [1;30mLevel 1[0m discover_packages(recursive) check parameters
[0.074s] [34mcolcon.colcon_core.package_discovery[0m [1;30mLevel 1[0m discover_packages(ignore) check parameters
[0.074s] [34mcolcon.colcon_core.package_discovery[0m [1;30mLevel 1[0m discover_packages(path) check parameters
[0.074s] [34mcolcon.colcon_core.package_discovery[0m [1;30mLevel 1[0m discover_packages(colcon_meta) discover
[0.074s] [34mcolcon.colcon_core.package_discovery[0m [1;30mLevel 1[0m discover_packages(recursive) discover
[0.074s] [34mcolcon.colcon_core.package_discovery[0m [1;30mINFO[0m Crawling recursively for packages in '/home/mitchell/Documents/PhD/drone_cage_control'
[0.074s] [34mcolcon.colcon_core.package_identification[0m [1;30mLevel 1[0m _identify(.) by extensions ['ignore', 'ignore_ament_install']
[0.074s] [34mcolcon.colcon_core.package_identification[0m [1;30mLevel 1[0m _identify(.) by extension 'ignore'
[0.074s] [34mcolcon.colcon_core.package_identification[0m [1;30mLevel 1[0m _identify(.) by extension 'ignore_ament_install'
[0.074s] [34mcolcon.colcon_core.package_identification[0m [1;30mLevel 1[0m _identify(.) by extensions ['colcon_pkg']
[0.074s] [34mcolcon.colcon_core.package_identification[0m [1;30mLevel 1[0m _identify(.) by extension 'colcon_pkg'
[0.074s] [34mcolcon.colcon_core.package_identification[0m [1;30mLevel 1[0m _identify(.) by extensions ['colcon_meta']
[0.074s] [34mcolcon.colcon_core.package_identification[0m [1;30mLevel 1[0m _identify(.) by extension 'colcon_meta'
[0.074s] [34mcolcon.colcon_core.package_identification[0m [1;30mLevel 1[0m _identify(.) by extensions ['ros']
[0.074s] [34mcolcon.colcon_core.package_identification[0m [1;30mLevel 1[0m _identify(.) by extension 'ros'
[0.085s] [34mcolcon.colcon_core.package_identification[0m [1;30mLevel 1[0m _identify(.) by extensions ['cmake', 'python']
[0.085s] [34mcolcon.colcon_core.package_identification[0m [1;30mLevel 1[0m _identify(.) by extension 'cmake'
[0.085s] [34mcolcon.colcon_core.package_identification[0m [1;30mLevel 1[0m _identify(.) by extension 'python'
[0.085s] [34mcolcon.colcon_core.package_identification[0m [1;30mLevel 1[0m _identify(.) by extensions ['python_setup_py']
[0.085s] [34mcolcon.colcon_core.package_identification[0m [1;30mLevel 1[0m _identify(.) by extension 'python_setup_py'
[0.085s] [34mcolcon.colcon_core.package_identification[0m [1;30mLevel 1[0m _identify(build) by extensions ['ignore', 'ignore_ament_install']
[0.086s] [34mcolcon.colcon_core.package_identification[0m [1;30mLevel 1[0m _identify(build) by extension 'ignore'
[0.086s] [34mcolcon.colcon_core.package_identification[0m [1;30mLevel 1[0m _identify(build) ignored
[0.086s] [34mcolcon.colcon_core.package_identification[0m [1;30mLevel 1[0m _identify(install) by extensions ['ignore', 'ignore_ament_install']
[0.086s] [34mcolcon.colcon_core.package_identification[0m [1;30mLevel 1[0m _identify(install) by extension 'ignore'
[0.086s] [34mcolcon.colcon_core.package_identification[0m [1;30mLevel 1[0m _identify(install) ignored
[0.086s] [34mcolcon.colcon_core.package_identification[0m [1;30mLevel 1[0m _identify(log) by extensions ['ignore', 'ignore_ament_install']
[0.086s] [34mcolcon.colcon_core.package_identification[0m [1;30mLevel 1[0m _identify(log) by extension 'ignore'
[0.086s] [34mcolcon.colcon_core.package_identification[0m [1;30mLevel 1[0m _identify(log) ignored
[0.086s] [34mcolcon.colcon_core.package_identification[0m [1;30mLevel 1[0m _identify(src) by extensions ['ignore', 'ignore_ament_install']
[0.086s] [34mcolcon.colcon_core.package_identification[0m [1;30mLevel 1[0m _identify(src) by extension 'ignore'
[0.086s] [34mcolcon.colcon_core.package_identification[0m [1;30mLevel 1[0m _identify(src) by extension 'ignore_ament_install'
[0.086s] [34mcolcon.colcon_core.package_identification[0m [1;30mLevel 1[0m _identify(src) by extensions ['colcon_pkg']
[0.086s] [34mcolcon.colcon_core.package_identification[0m [1;30mLevel 1[0m _identify(src) by extension 'colcon_pkg'
[0.086s] [34mcolcon.colcon_core.package_identification[0m [1;30mLevel 1[0m _identify(src) by extensions ['colcon_meta']
[0.086s] [34mcolcon.colcon_core.package_identification[0m [1;30mLevel 1[0m _identify(src) by extension 'colcon_meta'
[0.086s] [34mcolcon.colcon_core.package_identification[0m [1;30mLevel 1[0m _identify(src) by extensions ['ros']
[0.086s] [34mcolcon.colcon_core.package_identification[0m [1;30mLevel 1[0m _identify(src) by extension 'ros'
[0.086s] [34mcolcon.colcon_core.package_identification[0m [1;30mLevel 1[0m _identify(src) by extensions ['cmake', 'python']
[0.086s] [34mcolcon.colcon_core.package_identification[0m [1;30mLevel 1[0m _identify(src) by extension 'cmake'
[0.086s] [34mcolcon.colcon_core.package_identification[0m [1;30mLevel 1[0m _identify(src) by extension 'python'
[0.086s] [34mcolcon.colcon_core.package_identification[0m [1;30mLevel 1[0m _identify(src) by extensions ['python_setup_py']
[0.086s] [34mcolcon.colcon_core.package_identification[0m [1;30mLevel 1[0m _identify(src) by extension 'python_setup_py'
[0.086s] [34mcolcon.colcon_core.package_identification[0m [1;30mLevel 1[0m _identify(src/drone_communication) by extensions ['ignore', 'ignore_ament_install']
[0.086s] [34mcolcon.colcon_core.package_identification[0m [1;30mLevel 1[0m _identify(src/drone_communication) by extension 'ignore'
[0.086s] [34mcolcon.colcon_core.package_identification[0m [1;30mLevel 1[0m _identify(src/drone_communication) by extension 'ignore_ament_install'
[0.086s] [34mcolcon.colcon_core.package_identification[0m [1;30mLevel 1[0m _identify(src/drone_communication) by extensions ['colcon_pkg']
[0.086s] [34mcolcon.colcon_core.package_identification[0m [1;30mLevel 1[0m _identify(src/drone_communication) by extension 'colcon_pkg'
[0.086s] [34mcolcon.colcon_core.package_identification[0m [1;30mLevel 1[0m _identify(src/drone_communication) by extensions ['colcon_meta']
[0.086s] [34mcolcon.colcon_core.package_identification[0m [1;30mLevel 1[0m _identify(src/drone_communication) by extension 'colcon_meta'
[0.086s] [34mcolcon.colcon_core.package_identification[0m [1;30mLevel 1[0m _identify(src/drone_communication) by extensions ['ros']
[0.086s] [34mcolcon.colcon_core.package_identification[0m [1;30mLevel 1[0m _identify(src/drone_communication) by extension 'ros'
[0.087s] [34mcolcon.colcon_core.package_identification[0m [1;30mDEBUG[0m [32mPackage 'src/drone_communication' with type 'ros.ament_python' and name 'drone_communication'[0m
[0.087s] [34mcolcon.colcon_core.package_identification[0m [1;30mLevel 1[0m _identify(src/interfaces) by extensions ['ignore', 'ignore_ament_install']
[0.087s] [34mcolcon.colcon_core.package_identification[0m [1;30mLevel 1[0m _identify(src/interfaces) by extension 'ignore'
[0.087s] [34mcolcon.colcon_core.package_identification[0m [1;30mLevel 1[0m _identify(src/interfaces) by extension 'ignore_ament_install'
[0.087s] [34mcolcon.colcon_core.package_identification[0m [1;30mLevel 1[0m _identify(src/interfaces) by extensions ['colcon_pkg']
[0.087s] [34mcolcon.colcon_core.package_identification[0m [1;30mLevel 1[0m _identify(src/interfaces) by extension 'colcon_pkg'
[0.088s] [34mcolcon.colcon_core.package_identification[0m [1;30mLevel 1[0m _identify(src/interfaces) by extensions ['colcon_meta']
[0.088s] [34mcolcon.colcon_core.package_identification[0m [1;30mLevel 1[0m _identify(src/interfaces) by extension 'colcon_meta'
[0.088s] [34mcolcon.colcon_core.package_identification[0m [1;30mLevel 1[0m _identify(src/interfaces) by extensions ['ros']
[0.088s] [34mcolcon.colcon_core.package_identification[0m [1;30mLevel 1[0m _identify(src/interfaces) by extension 'ros'
[0.088s] [34mcolcon.colcon_core.package_identification[0m [1;30mDEBUG[0m [32mPackage 'src/interfaces' with type 'ros.ament_cmake' and name 'interfaces'[0m
[0.088s] [34mcolcon.colcon_core.package_identification[0m [1;30mLevel 1[0m _identify(src/motion_capture_publisher) by extensions ['ignore', 'ignore_ament_install']
[0.088s] [34mcolcon.colcon_core.package_identification[0m [1;30mLevel 1[0m _identify(src/motion_capture_publisher) by extension 'ignore'
[0.088s] [34mcolcon.colcon_core.package_identification[0m [1;30mLevel 1[0m _identify(src/motion_capture_publisher) by extension 'ignore_ament_install'
[0.088s] [34mcolcon.colcon_core.package_identification[0m [1;30mLevel 1[0m _identify(src/motion_capture_publisher) by extensions ['colcon_pkg']
[0.088s] [34mcolcon.colcon_core.package_identification[0m [1;30mLevel 1[0m _identify(src/motion_capture_publisher) by extension 'colcon_pkg'
[0.088s] [34mcolcon.colcon_core.package_identification[0m [1;30mLevel 1[0m _identify(src/motion_capture_publisher) by extensions ['colcon_meta']
[0.088s] [34mcolcon.colcon_core.package_identification[0m [1;30mLevel 1[0m _identify(src/motion_capture_publisher) by extension 'colcon_meta'
[0.088s] [34mcolcon.colcon_core.package_identification[0m [1;30mLevel 1[0m _identify(src/motion_capture_publisher) by extensions ['ros']
[0.088s] [34mcolcon.colcon_core.package_identification[0m [1;30mLevel 1[0m _identify(src/motion_capture_publisher) by extension 'ros'
[0.088s] [34mcolcon.colcon_core.package_identification[0m [1;30mDEBUG[0m [32mPackage 'src/motion_capture_publisher' with type 'ros.ament_python' and name 'motion_capture_publisher'[0m
[0.088s] [34mcolcon.colcon_core.package_discovery[0m [1;30mLevel 1[0m discover_packages(recursive) using defaults
[0.088s] [34mcolcon.colcon_core.package_discovery[0m [1;30mLevel 1[0m discover_packages(ignore) discover
[0.088s] [34mcolcon.colcon_core.package_discovery[0m [1;30mLevel 1[0m discover_packages(ignore) using defaults
[0.088s] [34mcolcon.colcon_core.package_discovery[0m [1;30mLevel 1[0m discover_packages(path) discover
[0.088s] [34mcolcon.colcon_core.package_discovery[0m [1;30mLevel 1[0m discover_packages(path) using defaults
[0.095s] [34mcolcon.colcon_core.package_discovery[0m [1;30mLevel 1[0m discover_packages(prefix_path) check parameters
[0.095s] [34mcolcon.colcon_core.package_discovery[0m [1;30mLevel 1[0m discover_packages(prefix_path) discover
[0.096s] [34mcolcon.colcon_installed_package_information.package_discovery[0m [1;30mDEBUG[0m [32mFound 3 installed packages in /home/mitchell/Documents/PhD/drone_cage_control/install[0m
[0.097s] [34mcolcon.colcon_installed_package_information.package_discovery[0m [1;30mDEBUG[0m [32mFound 387 installed packages in /opt/ros/humble[0m
[0.098s] [34mcolcon.colcon_core.package_discovery[0m [1;30mLevel 1[0m discover_packages(prefix_path) using defaults
[0.121s] [34mcolcon.colcon_core.verb[0m [1;30mLevel 5[0m set package 'drone_communication' build argument 'cmake_args' from command line to 'None'
[0.121s] [34mcolcon.colcon_core.verb[0m [1;30mLevel 5[0m set package 'drone_communication' build argument 'cmake_target' from command line to 'None'
[0.121s] [34mcolcon.colcon_core.verb[0m [1;30mLevel 5[0m set package 'drone_communication' build argument 'cmake_target_skip_unavailable' from command line to 'False'
[0.121s] [34mcolcon.colcon_core.verb[0m [1;30mLevel 5[0m set package 'drone_communication' build argument 'cmake_clean_cache' from command line to 'False'
[0.121s] [34mcolcon.colcon_core.verb[0m [1;30mLevel 5[0m set package 'drone_communication' build argument 'cmake_clean_first' from command line to 'False'
[0.121s] [34mcolcon.colcon_core.verb[0m [1;30mLevel 5[0m set package 'drone_communication' build argument 'cmake_force_configure' from command line to 'False'
[0.121s] [34mcolcon.colcon_core.verb[0m [1;30mLevel 5[0m set package 'drone_communication' build argument 'ament_cmake_args' from command line to 'None'
[0.121s] [34mcolcon.colcon_core.verb[0m [1;30mLevel 5[0m set package 'drone_communication' build argument 'catkin_cmake_args' from command line to 'None'
[0.121s] [34mcolcon.colcon_core.verb[0m [1;30mLevel 5[0m set package 'drone_communication' build argument 'catkin_skip_building_tests' from command line to 'False'
[0.121s] [34mcolcon.colcon_core.verb[0m [1;30mDEBUG[0m [32mBuilding package 'drone_communication' with the following arguments: {'ament_cmake_args': None, 'build_base': '/home/mitchell/Documents/PhD/drone_cage_control/build/drone_communication', 'catkin_cmake_args': None, 'catkin_skip_building_tests': False, 'cmake_args': None, 'cmake_clean_cache': False, 'cmake_clean_first': False, 'cmake_force_configure': False, 'cmake_target': None, 'cmake_target_skip_unavailable': False, 'install_base': '/home/mitchell/Documents/PhD/drone_cage_control/install/drone_communication', 'merge_install': False, 'path': '/home/mitchell/Documents/PhD/drone_cage_control/src/drone_communication', 'symlink_install': False, 'test_result_base': None}[0m
[0.121s] [34mcolcon.colcon_core.verb[0m [1;30mLevel 5[0m set package 'interfaces' build argument 'cmake_args' from command line to 'None'
[0.121s] [34mcolcon.colcon_core.verb[0m [1;30mLevel 5[0m set package 'interfaces' build argument 'cmake_target' from command line to 'None'
[0.121s] [34mcolcon.colcon_core.verb[0m [1;30mLevel 5[0m set package 'interfaces' build argument 'cmake_target_skip_unavailable' from command line to 'False'
[0.121s] [34mcolcon.colcon_core.verb[0m [1;30mLevel 5[0m set package 'interfaces' build argument 'cmake_clean_cache' from command line to 'False'
[0.121s] [34mcolcon.colcon_core.verb[0m [1;30mLevel 5[0m set package 'interfaces' build argument 'cmake_clean_first' from command line to 'False'
[0.121s] [34mcolcon.colcon_core.verb[0m [1;30mLevel 5[0m set package 'interfaces' build argument 'cmake_force_configure' from command line to 'False'
[0.121s] [34mcolcon.colcon_core.verb[0m [1;30mLevel 5[0m set package 'interfaces' build argument 'ament_cmake_args' from command line to 'None'
[0.121s] [34mcolcon.colcon_core.verb[0m [1;30mLevel 5[0m set package 'interfaces' build argument 'catkin_cmake_args' from command line to 'None'
[0.121s] [34mcolcon.colcon_core.verb[0m [1;30mLevel 5[0m set package 'interfaces' build argument 'catkin_skip_building_tests' from command line to 'False'
[0.121s] [34mcolcon.colcon_core.verb[0m [1;30mDEBUG[0m [32mBuilding package 'interfaces' with the following arguments: {'ament_cmake_args': None, 'build_base': '/home/mitchell/Documents/PhD/drone_cage_control/build/interfaces', 'catkin_cmake_args': None, 'catkin_skip_building_tests': False, 'cmake_args': None, 'cmake_clean_cache': False, 'cmake_clean_first': False, 'cmake_force_configure': False, 'cmake_target': None, 'cmake_target_skip_unavailable': False, 'install_base': '/home/mitchell/Documents/PhD/drone_cage_control/install/interfaces', 'merge_install': False, 'path': '/home/mitchell/Documents/PhD/drone_cage_control/src/interfaces', 'symlink_install': False, 'test_result_base': None}[0m
[0.121s] [34mcolcon.colcon_core.verb[0m [1;30mLevel 5[0m set package 'motion_capture_publisher' build argument 'cmake_args' from command line to 'None'
[0.121s] [34mcolcon.colcon_core.verb[0m [1;30mLevel 5[0m set package 'motion_capture_publisher' build argument 'cmake_target' from command line to 'None'
[0.121s] [34mcolcon.colcon_core.verb[0m [1;30mLevel 5[0m set package 'motion_capture_publisher' build argument 'cmake_target_skip_unavailable' from command line to 'False'
[0.121s] [34mcolcon.colcon_core.verb[0m [1;30mLevel 5[0m set package 'motion_capture_publisher' build argument 'cmake_clean_cache' from command line to 'False'
[0.121s] [34mcolcon.colcon_core.verb[0m [1;30mLevel 5[0m set package 'motion_capture_publisher' build argument 'cmake_clean_first' from command line to 'False'
[0.121s] [34mcolcon.colcon_core.verb[0m [1;30mLevel 5[0m set package 'motion_capture_publisher' build argument 'cmake_force_configure' from command line to 'False'
[0.121s] [34mcolcon.colcon_core.verb[0m [1;30mLevel 5[0m set package 'motion_capture_publisher' build argument 'ament_cmake_args' from command line to 'None'
[0.121s] [34mcolcon.colcon_core.verb[0m [1;30mLevel 5[0m set package 'motion_capture_publisher' build argument 'catkin_cmake_args' from command line to 'None'
[0.121s] [34mcolcon.colcon_core.verb[0m [1;30mLevel 5[0m set package 'motion_capture_publisher' build argument 'catkin_skip_building_tests' from command line to 'False'
[0.121s] [34mcolcon.colcon_core.verb[0m [1;30mDEBUG[0m [32mBuilding package 'motion_capture_publisher' with the following arguments: {'ament_cmake_args': None, 'build_base': '/home/mitchell/Documents/PhD/drone_cage_control/build/motion_capture_publisher', 'catkin_cmake_args': None, 'catkin_skip_building_tests': False, 'cmake_args': None, 'cmake_clean_cache': False, 'cmake_clean_first': False, 'cmake_force_configure': False, 'cmake_target': None, 'cmake_target_skip_unavailable': False, 'install_base': '/home/mitchell/Documents/PhD/drone_cage_control/install/motion_capture_publisher', 'merge_install': False, 'path': '/home/mitchell/Documents/PhD/drone_cage_control/src/motion_capture_publisher', 'symlink_install': False, 'test_result_base': None}[0m
[0.122s] [34mcolcon.colcon_core.executor[0m [1;30mINFO[0m Executing jobs using 'parallel' executor
[0.122s] [34mcolcon.colcon_parallel_executor.executor.parallel[0m [1;30mDEBUG[0m [32mrun_until_complete[0m
[0.122s] [34mcolcon.colcon_ros.task.ament_python.build[0m [1;30mINFO[0m Building ROS package in '/home/mitchell/Documents/PhD/drone_cage_control/src/drone_communication' with build type 'ament_python'
[0.122s] [34mcolcon.colcon_core.shell[0m [1;30mLevel 1[0m create_environment_hook('drone_communication', 'ament_prefix_path')
[0.123s] [34mcolcon.colcon_core.plugin_system[0m [1;30mINFO[0m Skipping extension 'colcon_core.shell.bat': Not used on non-Windows systems
[0.123s] [34mcolcon.colcon_core.shell[0m [1;30mINFO[0m Creating environment hook '/home/mitchell/Documents/PhD/drone_cage_control/install/drone_communication/share/drone_communication/hook/ament_prefix_path.ps1'
[0.124s] [34mcolcon.colcon_core.shell[0m [1;30mINFO[0m Creating environment descriptor '/home/mitchell/Documents/PhD/drone_cage_control/install/drone_communication/share/drone_communication/hook/ament_prefix_path.dsv'
[0.124s] [34mcolcon.colcon_core.shell[0m [1;30mINFO[0m Creating environment hook '/home/mitchell/Documents/PhD/drone_cage_control/install/drone_communication/share/drone_communication/hook/ament_prefix_path.sh'
[0.124s] [34mcolcon.colcon_core.shell[0m [1;30mINFO[0m Skip shell extension 'powershell' for command environment: Not usable outside of PowerShell
[0.124s] [34mcolcon.colcon_core.shell[0m [1;30mDEBUG[0m [32mSkip shell extension 'dsv' for command environment[0m
[0.126s] [34mcolcon.colcon_ros.task.ament_cmake.build[0m [1;30mINFO[0m Building ROS package in '/home/mitchell/Documents/PhD/drone_cage_control/src/interfaces' with build type 'ament_cmake'
[0.126s] [34mcolcon.colcon_cmake.task.cmake.build[0m [1;30mINFO[0m Building CMake package in '/home/mitchell/Documents/PhD/drone_cage_control/src/interfaces'
[0.126s] [34mcolcon.colcon_core.shell[0m [1;30mINFO[0m Skip shell extension 'powershell' for command environment: Not usable outside of PowerShell
[0.126s] [34mcolcon.colcon_core.shell[0m [1;30mDEBUG[0m [32mSkip shell extension 'dsv' for command environment[0m
[0.127s] [34mcolcon.colcon_ros.task.ament_python.build[0m [1;30mINFO[0m Building ROS package in '/home/mitchell/Documents/PhD/drone_cage_control/src/motion_capture_publisher' with build type 'ament_python'
[0.127s] [34mcolcon.colcon_core.shell[0m [1;30mLevel 1[0m create_environment_hook('motion_capture_publisher', 'ament_prefix_path')
[0.127s] [34mcolcon.colcon_core.shell[0m [1;30mINFO[0m Creating environment hook '/home/mitchell/Documents/PhD/drone_cage_control/install/motion_capture_publisher/share/motion_capture_publisher/hook/ament_prefix_path.ps1'
[0.127s] [34mcolcon.colcon_core.shell[0m [1;30mINFO[0m Creating environment descriptor '/home/mitchell/Documents/PhD/drone_cage_control/install/motion_capture_publisher/share/motion_capture_publisher/hook/ament_prefix_path.dsv'
[0.128s] [34mcolcon.colcon_core.shell[0m [1;30mINFO[0m Creating environment hook '/home/mitchell/Documents/PhD/drone_cage_control/install/motion_capture_publisher/share/motion_capture_publisher/hook/ament_prefix_path.sh'
[0.128s] [34mcolcon.colcon_core.shell[0m [1;30mINFO[0m Skip shell extension 'powershell' for command environment: Not usable outside of PowerShell
[0.128s] [34mcolcon.colcon_core.shell[0m [1;30mDEBUG[0m [32mSkip shell extension 'dsv' for command environment[0m
[0.239s] [34mcolcon.colcon_core.task.python.build[0m [1;30mINFO[0m Building Python package in '/home/mitchell/Documents/PhD/drone_cage_control/src/drone_communication'
[0.239s] [34mcolcon.colcon_core.shell[0m [1;30mINFO[0m Skip shell extension 'powershell' for command environment: Not usable outside of PowerShell
[0.239s] [34mcolcon.colcon_core.shell[0m [1;30mDEBUG[0m [32mSkip shell extension 'dsv' for command environment[0m
[0.243s] [34mcolcon.colcon_core.event_handler.log_command[0m [1;30mDEBUG[0m [32mInvoking command in '/home/mitchell/Documents/PhD/drone_cage_control/build/interfaces': CMAKE_PREFIX_PATH=${CMAKE_PREFIX_PATH}:/home/mitchell/Documents/PhD/drone_cage_control/install/motion_capture_publisher:/home/mitchell/Documents/PhD/drone_cage_control/install/drone_communication:/opt/ros/humble /home/mitchell/.local/bin/cmake --build /home/mitchell/Documents/PhD/drone_cage_control/build/interfaces -- -j28 -l28[0m
[0.355s] [34mcolcon.colcon_ros.task.ament_python.build[0m [1;30mWARNING[0m [33mPackage 'motion_capture_publisher' doesn't explicitly install a marker in the package index (colcon-ros currently does it implicitly but that fallback will be removed in the future)[0m
[0.355s] [34mcolcon.colcon_ros.task.ament_python.build[0m [1;30mWARNING[0m [33mPackage 'motion_capture_publisher' doesn't explicitly install the 'package.xml' file (colcon-ros currently does it implicitly but that fallback will be removed in the future)[0m
[0.355s] [34mcolcon.colcon_core.task.python.build[0m [1;30mINFO[0m Building Python package in '/home/mitchell/Documents/PhD/drone_cage_control/src/motion_capture_publisher'
[0.355s] [34mcolcon.colcon_core.shell[0m [1;30mINFO[0m Skip shell extension 'powershell' for command environment: Not usable outside of PowerShell
[0.355s] [34mcolcon.colcon_core.shell[0m [1;30mDEBUG[0m [32mSkip shell extension 'dsv' for command environment[0m
[0.486s] [34mcolcon.colcon_core.event_handler.log_command[0m [1;30mDEBUG[0m [32mInvoked command in '/home/mitchell/Documents/PhD/drone_cage_control/build/interfaces' returned '0': CMAKE_PREFIX_PATH=${CMAKE_PREFIX_PATH}:/home/mitchell/Documents/PhD/drone_cage_control/install/motion_capture_publisher:/home/mitchell/Documents/PhD/drone_cage_control/install/drone_communication:/opt/ros/humble /home/mitchell/.local/bin/cmake --build /home/mitchell/Documents/PhD/drone_cage_control/build/interfaces -- -j28 -l28[0m
[0.525s] [34mcolcon.colcon_core.event_handler.log_command[0m [1;30mDEBUG[0m [32mInvoking command in '/home/mitchell/Documents/PhD/drone_cage_control/build/interfaces': CMAKE_PREFIX_PATH=${CMAKE_PREFIX_PATH}:/home/mitchell/Documents/PhD/drone_cage_control/install/motion_capture_publisher:/home/mitchell/Documents/PhD/drone_cage_control/install/drone_communication:/opt/ros/humble /home/mitchell/.local/bin/cmake --install /home/mitchell/Documents/PhD/drone_cage_control/build/interfaces[0m
[0.588s] [34mcolcon.colcon_core.environment[0m [1;30mLevel 1[0m create_environment_scripts_only(interfaces)
[0.590s] [34mcolcon.colcon_core.event_handler.log_command[0m [1;30mDEBUG[0m [32mInvoked command in '/home/mitchell/Documents/PhD/drone_cage_control/build/interfaces' returned '0': CMAKE_PREFIX_PATH=${CMAKE_PREFIX_PATH}:/home/mitchell/Documents/PhD/drone_cage_control/install/motion_capture_publisher:/home/mitchell/Documents/PhD/drone_cage_control/install/drone_communication:/opt/ros/humble /home/mitchell/.local/bin/cmake --install /home/mitchell/Documents/PhD/drone_cage_control/build/interfaces[0m
[0.590s] [34mcolcon.colcon_core.environment[0m [1;30mLevel 1[0m checking '/home/mitchell/Documents/PhD/drone_cage_control/install/interfaces' for CMake module files
[0.590s] [34mcolcon.colcon_core.environment[0m [1;30mLevel 1[0m checking '/home/mitchell/Documents/PhD/drone_cage_control/install/interfaces' for CMake config files
[0.590s] [34mcolcon.colcon_core.shell[0m [1;30mLevel 1[0m create_environment_hook('interfaces', 'cmake_prefix_path')
[0.591s] [34mcolcon.colcon_core.shell[0m [1;30mINFO[0m Creating environment hook '/home/mitchell/Documents/PhD/drone_cage_control/install/interfaces/share/interfaces/hook/cmake_prefix_path.ps1'
[0.591s] [34mcolcon.colcon_core.shell[0m [1;30mINFO[0m Creating environment descriptor '/home/mitchell/Documents/PhD/drone_cage_control/install/interfaces/share/interfaces/hook/cmake_prefix_path.dsv'
[0.591s] [34mcolcon.colcon_core.shell[0m [1;30mINFO[0m Creating environment hook '/home/mitchell/Documents/PhD/drone_cage_control/install/interfaces/share/interfaces/hook/cmake_prefix_path.sh'
[0.591s] [34mcolcon.colcon_core.environment[0m [1;30mLevel 1[0m checking '/home/mitchell/Documents/PhD/drone_cage_control/install/interfaces/lib'
[0.591s] [34mcolcon.colcon_core.shell[0m [1;30mLevel 1[0m create_environment_hook('interfaces', 'ld_library_path_lib')
[0.591s] [34mcolcon.colcon_core.shell[0m [1;30mINFO[0m Creating environment hook '/home/mitchell/Documents/PhD/drone_cage_control/install/interfaces/share/interfaces/hook/ld_library_path_lib.ps1'
[0.591s] [34mcolcon.colcon_core.shell[0m [1;30mINFO[0m Creating environment descriptor '/home/mitchell/Documents/PhD/drone_cage_control/install/interfaces/share/interfaces/hook/ld_library_path_lib.dsv'
[0.592s] [34mcolcon.colcon_core.shell[0m [1;30mINFO[0m Creating environment hook '/home/mitchell/Documents/PhD/drone_cage_control/install/interfaces/share/interfaces/hook/ld_library_path_lib.sh'
[0.592s] [34mcolcon.colcon_core.environment[0m [1;30mLevel 1[0m checking '/home/mitchell/Documents/PhD/drone_cage_control/install/interfaces/bin'
[0.592s] [34mcolcon.colcon_core.environment[0m [1;30mLevel 1[0m checking '/home/mitchell/Documents/PhD/drone_cage_control/install/interfaces/lib/pkgconfig/interfaces.pc'
[0.592s] [34mcolcon.colcon_core.environment[0m [1;30mLevel 1[0m checking '/home/mitchell/Documents/PhD/drone_cage_control/install/interfaces/lib/python3.10/site-packages'
[0.592s] [34mcolcon.colcon_core.environment[0m [1;30mLevel 1[0m checking '/home/mitchell/Documents/PhD/drone_cage_control/install/interfaces/bin'
[0.592s] [34mcolcon.colcon_core.shell[0m [1;30mINFO[0m Creating package script '/home/mitchell/Documents/PhD/drone_cage_control/install/interfaces/share/interfaces/package.ps1'
[0.592s] [34mcolcon.colcon_core.shell[0m [1;30mINFO[0m Creating package descriptor '/home/mitchell/Documents/PhD/drone_cage_control/install/interfaces/share/interfaces/package.dsv'
[0.593s] [34mcolcon.colcon_core.shell[0m [1;30mINFO[0m Creating package script '/home/mitchell/Documents/PhD/drone_cage_control/install/interfaces/share/interfaces/package.sh'
[0.593s] [34mcolcon.colcon_core.shell[0m [1;30mINFO[0m Creating package script '/home/mitchell/Documents/PhD/drone_cage_control/install/interfaces/share/interfaces/package.bash'
[0.593s] [34mcolcon.colcon_core.shell[0m [1;30mINFO[0m Creating package script '/home/mitchell/Documents/PhD/drone_cage_control/install/interfaces/share/interfaces/package.zsh'
[0.593s] [34mcolcon.colcon_core.environment[0m [1;30mLevel 1[0m create_file_with_runtime_dependencies(/home/mitchell/Documents/PhD/drone_cage_control/install/interfaces/share/colcon-core/packages/interfaces)
[0.594s] [34mcolcon.colcon_core.environment[0m [1;30mLevel 1[0m create_environment_scripts_only(interfaces)
[0.594s] [34mcolcon.colcon_core.environment[0m [1;30mLevel 1[0m checking '/home/mitchell/Documents/PhD/drone_cage_control/install/interfaces' for CMake module files
[0.594s] [34mcolcon.colcon_core.environment[0m [1;30mLevel 1[0m checking '/home/mitchell/Documents/PhD/drone_cage_control/install/interfaces' for CMake config files
[0.594s] [34mcolcon.colcon_core.shell[0m [1;30mLevel 1[0m create_environment_hook('interfaces', 'cmake_prefix_path')
[0.594s] [34mcolcon.colcon_core.shell[0m [1;30mINFO[0m Creating environment hook '/home/mitchell/Documents/PhD/drone_cage_control/install/interfaces/share/interfaces/hook/cmake_prefix_path.ps1'
[0.594s] [34mcolcon.colcon_core.shell[0m [1;30mINFO[0m Creating environment descriptor '/home/mitchell/Documents/PhD/drone_cage_control/install/interfaces/share/interfaces/hook/cmake_prefix_path.dsv'
[0.595s] [34mcolcon.colcon_core.shell[0m [1;30mINFO[0m Creating environment hook '/home/mitchell/Documents/PhD/drone_cage_control/install/interfaces/share/interfaces/hook/cmake_prefix_path.sh'
[0.595s] [34mcolcon.colcon_core.environment[0m [1;30mLevel 1[0m checking '/home/mitchell/Documents/PhD/drone_cage_control/install/interfaces/lib'
[0.595s] [34mcolcon.colcon_core.shell[0m [1;30mLevel 1[0m create_environment_hook('interfaces', 'ld_library_path_lib')
[0.595s] [34mcolcon.colcon_core.shell[0m [1;30mINFO[0m Creating environment hook '/home/mitchell/Documents/PhD/drone_cage_control/install/interfaces/share/interfaces/hook/ld_library_path_lib.ps1'
[0.595s] [34mcolcon.colcon_core.shell[0m [1;30mINFO[0m Creating environment descriptor '/home/mitchell/Documents/PhD/drone_cage_control/install/interfaces/share/interfaces/hook/ld_library_path_lib.dsv'
[0.595s] [34mcolcon.colcon_core.shell[0m [1;30mINFO[0m Creating environment hook '/home/mitchell/Documents/PhD/drone_cage_control/install/interfaces/share/interfaces/hook/ld_library_path_lib.sh'
[0.595s] [34mcolcon.colcon_core.environment[0m [1;30mLevel 1[0m checking '/home/mitchell/Documents/PhD/drone_cage_control/install/interfaces/bin'
[0.595s] [34mcolcon.colcon_core.environment[0m [1;30mLevel 1[0m checking '/home/mitchell/Documents/PhD/drone_cage_control/install/interfaces/lib/pkgconfig/interfaces.pc'
[0.595s] [34mcolcon.colcon_core.environment[0m [1;30mLevel 1[0m checking '/home/mitchell/Documents/PhD/drone_cage_control/install/interfaces/lib/python3.10/site-packages'
[0.595s] [34mcolcon.colcon_core.environment[0m [1;30mLevel 1[0m checking '/home/mitchell/Documents/PhD/drone_cage_control/install/interfaces/bin'
[0.596s] [34mcolcon.colcon_core.shell[0m [1;30mINFO[0m Creating package script '/home/mitchell/Documents/PhD/drone_cage_control/install/interfaces/share/interfaces/package.ps1'
[0.596s] [34mcolcon.colcon_core.shell[0m [1;30mINFO[0m Creating package descriptor '/home/mitchell/Documents/PhD/drone_cage_control/install/interfaces/share/interfaces/package.dsv'
[0.596s] [34mcolcon.colcon_core.shell[0m [1;30mINFO[0m Creating package script '/home/mitchell/Documents/PhD/drone_cage_control/install/interfaces/share/interfaces/package.sh'
[0.596s] [34mcolcon.colcon_core.shell[0m [1;30mINFO[0m Creating package script '/home/mitchell/Documents/PhD/drone_cage_control/install/interfaces/share/interfaces/package.bash'
[0.596s] [34mcolcon.colcon_core.shell[0m [1;30mINFO[0m Creating package script '/home/mitchell/Documents/PhD/drone_cage_control/install/interfaces/share/interfaces/package.zsh'
[0.596s] [34mcolcon.colcon_core.environment[0m [1;30mLevel 1[0m create_file_with_runtime_dependencies(/home/mitchell/Documents/PhD/drone_cage_control/install/interfaces/share/colcon-core/packages/interfaces)
[0.707s] [34mcolcon.colcon_core.event_handler.log_command[0m [1;30mDEBUG[0m [32mInvoking command in '/home/mitchell/Documents/PhD/drone_cage_control/src/drone_communication': PYTHONPATH=/home/mitchell/Documents/PhD/drone_cage_control/build/drone_communication/prefix_override:/usr/lib/python3/dist-packages/colcon_core/task/python/colcon_distutils_commands:/home/mitchell/Documents/PhD/drone_cage_control/install/drone_communication/lib/python3.10/site-packages:${PYTHONPATH} /usr/bin/python3 -W ignore:setup.py install is deprecated -W ignore:easy_install command is deprecated setup.py egg_info --egg-base ../../build/drone_communication build --build-base /home/mitchell/Documents/PhD/drone_cage_control/build/drone_communication/build install --record /home/mitchell/Documents/PhD/drone_cage_control/build/drone_communication/install.log --single-version-externally-managed install_data[0m
[0.722s] [34mcolcon.colcon_core.event_handler.log_command[0m [1;30mDEBUG[0m [32mInvoking command in '/home/mitchell/Documents/PhD/drone_cage_control/src/motion_capture_publisher': PYTHONPATH=/home/mitchell/Documents/PhD/drone_cage_control/build/motion_capture_publisher/prefix_override:/usr/lib/python3/dist-packages/colcon_core/task/python/colcon_distutils_commands:/home/mitchell/Documents/PhD/drone_cage_control/install/motion_capture_publisher/lib/python3.10/site-packages:${PYTHONPATH} /usr/bin/python3 -W ignore:setup.py install is deprecated -W ignore:easy_install command is deprecated setup.py egg_info --egg-base ../../build/motion_capture_publisher build --build-base /home/mitchell/Documents/PhD/drone_cage_control/build/motion_capture_publisher/build install --record /home/mitchell/Documents/PhD/drone_cage_control/build/motion_capture_publisher/install.log --single-version-externally-managed[0m
[1.002s] [34mcolcon.colcon_core.environment[0m [1;30mLevel 1[0m checking '/home/mitchell/Documents/PhD/drone_cage_control/install/drone_communication' for CMake module files
[1.002s] [34mcolcon.colcon_core.event_handler.log_command[0m [1;30mDEBUG[0m [32mInvoked command in '/home/mitchell/Documents/PhD/drone_cage_control/src/drone_communication' returned '0': PYTHONPATH=/home/mitchell/Documents/PhD/drone_cage_control/build/drone_communication/prefix_override:/usr/lib/python3/dist-packages/colcon_core/task/python/colcon_distutils_commands:/home/mitchell/Documents/PhD/drone_cage_control/install/drone_communication/lib/python3.10/site-packages:${PYTHONPATH} /usr/bin/python3 -W ignore:setup.py install is deprecated -W ignore:easy_install command is deprecated setup.py egg_info --egg-base ../../build/drone_communication build --build-base /home/mitchell/Documents/PhD/drone_cage_control/build/drone_communication/build install --record /home/mitchell/Documents/PhD/drone_cage_control/build/drone_communication/install.log --single-version-externally-managed install_data[0m
[1.003s] [34mcolcon.colcon_core.environment[0m [1;30mLevel 1[0m checking '/home/mitchell/Documents/PhD/drone_cage_control/install/drone_communication' for CMake config files
[1.003s] [34mcolcon.colcon_core.environment[0m [1;30mLevel 1[0m checking '/home/mitchell/Documents/PhD/drone_cage_control/install/drone_communication/lib'
[1.003s] [34mcolcon.colcon_core.environment[0m [1;30mLevel 1[0m checking '/home/mitchell/Documents/PhD/drone_cage_control/install/drone_communication/bin'
[1.003s] [34mcolcon.colcon_core.environment[0m [1;30mLevel 1[0m checking '/home/mitchell/Documents/PhD/drone_cage_control/install/drone_communication/lib/pkgconfig/drone_communication.pc'
[1.003s] [34mcolcon.colcon_core.environment[0m [1;30mLevel 1[0m checking '/home/mitchell/Documents/PhD/drone_cage_control/install/drone_communication/lib/python3.10/site-packages'
[1.003s] [34mcolcon.colcon_core.shell[0m [1;30mLevel 1[0m create_environment_hook('drone_communication', 'pythonpath')
[1.003s] [34mcolcon.colcon_core.shell[0m [1;30mINFO[0m Creating environment hook '/home/mitchell/Documents/PhD/drone_cage_control/install/drone_communication/share/drone_communication/hook/pythonpath.ps1'
[1.004s] [34mcolcon.colcon_core.shell[0m [1;30mINFO[0m Creating environment descriptor '/home/mitchell/Documents/PhD/drone_cage_control/install/drone_communication/share/drone_communication/hook/pythonpath.dsv'
[1.004s] [34mcolcon.colcon_core.shell[0m [1;30mINFO[0m Creating environment hook '/home/mitchell/Documents/PhD/drone_cage_control/install/drone_communication/share/drone_communication/hook/pythonpath.sh'
[1.004s] [34mcolcon.colcon_core.environment[0m [1;30mLevel 1[0m checking '/home/mitchell/Documents/PhD/drone_cage_control/install/drone_communication/bin'
[1.004s] [34mcolcon.colcon_core.environment[0m [1;30mLevel 1[0m create_environment_scripts_only(drone_communication)
[1.004s] [34mcolcon.colcon_core.shell[0m [1;30mINFO[0m Creating package script '/home/mitchell/Documents/PhD/drone_cage_control/install/drone_communication/share/drone_communication/package.ps1'
[1.004s] [34mcolcon.colcon_core.shell[0m [1;30mINFO[0m Creating package descriptor '/home/mitchell/Documents/PhD/drone_cage_control/install/drone_communication/share/drone_communication/package.dsv'
[1.005s] [34mcolcon.colcon_core.shell[0m [1;30mINFO[0m Creating package script '/home/mitchell/Documents/PhD/drone_cage_control/install/drone_communication/share/drone_communication/package.sh'
[1.005s] [34mcolcon.colcon_core.shell[0m [1;30mINFO[0m Creating package script '/home/mitchell/Documents/PhD/drone_cage_control/install/drone_communication/share/drone_communication/package.bash'
[1.005s] [34mcolcon.colcon_core.shell[0m [1;30mINFO[0m Creating package script '/home/mitchell/Documents/PhD/drone_cage_control/install/drone_communication/share/drone_communication/package.zsh'
[1.005s] [34mcolcon.colcon_core.environment[0m [1;30mLevel 1[0m create_file_with_runtime_dependencies(/home/mitchell/Documents/PhD/drone_cage_control/install/drone_communication/share/colcon-core/packages/drone_communication)
[1.006s] [34mcolcon.colcon_core.environment[0m [1;30mLevel 1[0m checking '/home/mitchell/Documents/PhD/drone_cage_control/install/motion_capture_publisher' for CMake module files
[1.007s] [34mcolcon.colcon_core.event_handler.log_command[0m [1;30mDEBUG[0m [32mInvoked command in '/home/mitchell/Documents/PhD/drone_cage_control/src/motion_capture_publisher' returned '0': PYTHONPATH=/home/mitchell/Documents/PhD/drone_cage_control/build/motion_capture_publisher/prefix_override:/usr/lib/python3/dist-packages/colcon_core/task/python/colcon_distutils_commands:/home/mitchell/Documents/PhD/drone_cage_control/install/motion_capture_publisher/lib/python3.10/site-packages:${PYTHONPATH} /usr/bin/python3 -W ignore:setup.py install is deprecated -W ignore:easy_install command is deprecated setup.py egg_info --egg-base ../../build/motion_capture_publisher build --build-base /home/mitchell/Documents/PhD/drone_cage_control/build/motion_capture_publisher/build install --record /home/mitchell/Documents/PhD/drone_cage_control/build/motion_capture_publisher/install.log --single-version-externally-managed[0m
[1.007s] [34mcolcon.colcon_core.environment[0m [1;30mLevel 1[0m checking '/home/mitchell/Documents/PhD/drone_cage_control/install/motion_capture_publisher' for CMake config files
[1.007s] [34mcolcon.colcon_core.environment[0m [1;30mLevel 1[0m checking '/home/mitchell/Documents/PhD/drone_cage_control/install/motion_capture_publisher/lib'
[1.007s] [34mcolcon.colcon_core.environment[0m [1;30mLevel 1[0m checking '/home/mitchell/Documents/PhD/drone_cage_control/install/motion_capture_publisher/bin'
[1.007s] [34mcolcon.colcon_core.environment[0m [1;30mLevel 1[0m checking '/home/mitchell/Documents/PhD/drone_cage_control/install/motion_capture_publisher/lib/pkgconfig/motion_capture_publisher.pc'
[1.007s] [34mcolcon.colcon_core.environment[0m [1;30mLevel 1[0m checking '/home/mitchell/Documents/PhD/drone_cage_control/install/motion_capture_publisher/lib/python3.10/site-packages'
[1.007s] [34mcolcon.colcon_core.shell[0m [1;30mLevel 1[0m create_environment_hook('motion_capture_publisher', 'pythonpath')
[1.007s] [34mcolcon.colcon_core.shell[0m [1;30mINFO[0m Creating environment hook '/home/mitchell/Documents/PhD/drone_cage_control/install/motion_capture_publisher/share/motion_capture_publisher/hook/pythonpath.ps1'
[1.007s] [34mcolcon.colcon_core.shell[0m [1;30mINFO[0m Creating environment descriptor '/home/mitchell/Documents/PhD/drone_cage_control/install/motion_capture_publisher/share/motion_capture_publisher/hook/pythonpath.dsv'
[1.008s] [34mcolcon.colcon_core.shell[0m [1;30mINFO[0m Creating environment hook '/home/mitchell/Documents/PhD/drone_cage_control/install/motion_capture_publisher/share/motion_capture_publisher/hook/pythonpath.sh'
[1.008s] [34mcolcon.colcon_core.environment[0m [1;30mLevel 1[0m checking '/home/mitchell/Documents/PhD/drone_cage_control/install/motion_capture_publisher/bin'
[1.008s] [34mcolcon.colcon_core.environment[0m [1;30mLevel 1[0m create_environment_scripts_only(motion_capture_publisher)
[1.008s] [34mcolcon.colcon_core.shell[0m [1;30mINFO[0m Creating package script '/home/mitchell/Documents/PhD/drone_cage_control/install/motion_capture_publisher/share/motion_capture_publisher/package.ps1'
[1.008s] [34mcolcon.colcon_core.shell[0m [1;30mINFO[0m Creating package descriptor '/home/mitchell/Documents/PhD/drone_cage_control/install/motion_capture_publisher/share/motion_capture_publisher/package.dsv'
[1.008s] [34mcolcon.colcon_core.shell[0m [1;30mINFO[0m Creating package script '/home/mitchell/Documents/PhD/drone_cage_control/install/motion_capture_publisher/share/motion_capture_publisher/package.sh'
[1.008s] [34mcolcon.colcon_core.shell[0m [1;30mINFO[0m Creating package script '/home/mitchell/Documents/PhD/drone_cage_control/install/motion_capture_publisher/share/motion_capture_publisher/package.bash'
[1.009s] [34mcolcon.colcon_core.shell[0m [1;30mINFO[0m Creating package script '/home/mitchell/Documents/PhD/drone_cage_control/install/motion_capture_publisher/share/motion_capture_publisher/package.zsh'
[1.009s] [34mcolcon.colcon_core.environment[0m [1;30mLevel 1[0m create_file_with_runtime_dependencies(/home/mitchell/Documents/PhD/drone_cage_control/install/motion_capture_publisher/share/colcon-core/packages/motion_capture_publisher)
[1.009s] [34mcolcon.colcon_parallel_executor.executor.parallel[0m [1;30mDEBUG[0m [32mclosing loop[0m
[1.009s] [34mcolcon.colcon_parallel_executor.executor.parallel[0m [1;30mDEBUG[0m [32mloop closed[0m
[1.009s] [34mcolcon.colcon_parallel_executor.executor.parallel[0m [1;30mDEBUG[0m [32mrun_until_complete finished with '0'[0m
[1.009s] [34mcolcon.colcon_core.event_reactor[0m [1;30mDEBUG[0m [32mjoining thread[0m
[1.012s] [34mcolcon.colcon_core.plugin_system[0m [1;30mINFO[0m Skipping extension 'colcon_notification.desktop_notification.terminal_notifier': Not used on non-Darwin systems
[1.012s] [34mcolcon.colcon_core.plugin_system[0m [1;30mINFO[0m Skipping extension 'colcon_notification.desktop_notification.win32': Not used on non-Windows systems
[1.012s] [34mcolcon.colcon_notification.desktop_notification[0m [1;30mINFO[0m Sending desktop notification using 'notify2'
[1.026s] [34mcolcon.colcon_core.event_reactor[0m [1;30mDEBUG[0m [32mjoined thread[0m
[1.026s] [34mcolcon.colcon_core.shell[0m [1;30mINFO[0m Creating prefix script '/home/mitchell/Documents/PhD/drone_cage_control/install/local_setup.ps1'
[1.026s] [34mcolcon.colcon_core.shell[0m [1;30mINFO[0m Creating prefix util module '/home/mitchell/Documents/PhD/drone_cage_control/install/_local_setup_util_ps1.py'
[1.027s] [34mcolcon.colcon_core.shell[0m [1;30mINFO[0m Creating prefix chain script '/home/mitchell/Documents/PhD/drone_cage_control/install/setup.ps1'
[1.027s] [34mcolcon.colcon_core.shell[0m [1;30mINFO[0m Creating prefix script '/home/mitchell/Documents/PhD/drone_cage_control/install/local_setup.sh'
[1.028s] [34mcolcon.colcon_core.shell[0m [1;30mINFO[0m Creating prefix util module '/home/mitchell/Documents/PhD/drone_cage_control/install/_local_setup_util_sh.py'
[1.028s] [34mcolcon.colcon_core.shell[0m [1;30mINFO[0m Creating prefix chain script '/home/mitchell/Documents/PhD/drone_cage_control/install/setup.sh'
[1.028s] [34mcolcon.colcon_core.shell[0m [1;30mINFO[0m Creating prefix script '/home/mitchell/Documents/PhD/drone_cage_control/install/local_setup.bash'
[1.028s] [34mcolcon.colcon_core.shell[0m [1;30mINFO[0m Creating prefix chain script '/home/mitchell/Documents/PhD/drone_cage_control/install/setup.bash'
[1.029s] [34mcolcon.colcon_core.shell[0m [1;30mINFO[0m Creating prefix script '/home/mitchell/Documents/PhD/drone_cage_control/install/local_setup.zsh'
[1.029s] [34mcolcon.colcon_core.shell[0m [1;30mINFO[0m Creating prefix chain script '/home/mitchell/Documents/PhD/drone_cage_control/install/setup.zsh'
