[0.123s] Invoking command in '/home/mitchell/Documents/PhD/drone_cage_control/build/interfaces': CMAKE_PREFIX_PATH=${CMAKE_PREFIX_PATH}:/home/mitchell/Documents/PhD/drone_cage_control/install/motion_capture_publisher:/home/mitchell/Documents/PhD/drone_cage_control/install/drone_communication:/opt/ros/humble /home/mitchell/.local/bin/cmake /home/mitchell/Documents/PhD/drone_cage_control/src/interfaces -DCMAKE_INSTALL_PREFIX=/home/mitchell/Documents/PhD/drone_cage_control/install/interfaces
[0.161s] [0mCMake Deprecation Warning at CMakeLists.txt:1 (cmake_minimum_required):
[0.161s]   Compatibility with CMake < 3.10 will be removed from a future version of
[0.161s]   CMake.
[0.161s] 
[0.161s]   Update the VERSION argument <min> value.  Or, use the <min>...<max> syntax
[0.161s]   to tell CMake that the project requires at least <min> but has been updated
[0.161s]   to work with policies introduced by <max> or earlier.
[0.161s] 
[0.161s] [0m
[0.183s] -- The C compiler identification is GNU 11.4.0
[0.214s] -- The CXX compiler identification is GNU 11.4.0
[0.220s] -- Detecting C compiler ABI info
[0.248s] -- Detecting C compiler ABI info - done
[0.256s] -- Check for working C compiler: /usr/lib/ccache/cc - skipped
[0.257s] -- Detecting C compile features
[0.257s] -- Detecting C compile features - done
[0.262s] -- Detecting CXX compiler ABI info
[0.293s] -- Detecting CXX compiler ABI info - done
[0.302s] -- Check for working CXX compiler: /usr/lib/ccache/c++ - skipped
[0.302s] -- Detecting CXX compile features
[0.302s] -- Detecting CXX compile features - done
[0.306s] -- Found ament_cmake: 1.3.11 (/opt/ros/humble/share/ament_cmake/cmake)
[0.395s] -- Found Python3: /usr/bin/python3 (found version "3.10.12") found components: Interpreter
[0.453s] -- Found rosidl_default_generators: 1.2.0 (/opt/ros/humble/share/rosidl_default_generators/cmake)
[0.455s] -- Using all available rosidl_typesupport_c: rosidl_typesupport_fastrtps_c;rosidl_typesupport_introspection_c
[0.461s] -- Found rosidl_adapter: 3.1.6 (/opt/ros/humble/share/rosidl_adapter/cmake)
[0.493s] -- Using all available rosidl_typesupport_cpp: rosidl_typesupport_fastrtps_cpp;rosidl_typesupport_introspection_cpp
[0.512s] -- Found std_msgs: 4.2.4 (/opt/ros/humble/share/std_msgs/cmake)
[0.529s] -- Found geometry_msgs: 4.2.4 (/opt/ros/humble/share/geometry_msgs/cmake)
[0.537s] -- Found ament_lint_auto: 0.12.11 (/opt/ros/humble/share/ament_lint_auto/cmake)
[0.843s] -- Found ament_cmake_ros: 0.10.0 (/opt/ros/humble/share/ament_cmake_ros/cmake)
[1.172s] -- Using all available rosidl_typesupport_c: rosidl_typesupport_fastrtps_c;rosidl_typesupport_introspection_c
[1.643s] -- Using all available rosidl_typesupport_cpp: rosidl_typesupport_fastrtps_cpp;rosidl_typesupport_introspection_cpp
[1.644s] [33mCMake Warning (dev) at /opt/ros/humble/share/rosidl_generator_py/cmake/rosidl_generator_py_generate_interfaces.cmake:20 (find_package):
[1.644s]   Policy CMP0148 is not set: The FindPythonInterp and FindPythonLibs modules
[1.644s]   are removed.  Run "cmake --help-policy CMP0148" for policy details.  Use
[1.644s]   the cmake_policy command to set the policy and suppress this warning.
[1.644s] 
[1.644s] Call Stack (most recent call first):
[1.644s]   /opt/ros/humble/share/ament_cmake_core/cmake/core/ament_execute_extensions.cmake:48 (include)
[1.644s]   /opt/ros/humble/share/rosidl_cmake/cmake/rosidl_generate_interfaces.cmake:286 (ament_execute_extensions)
[1.644s]   CMakeLists.txt:26 (rosidl_generate_interfaces)
[1.644s] This warning is for project developers.  Use -Wno-dev to suppress it.
[1.644s] [0m
[1.657s] -- Found PythonInterp: /usr/bin/python3 (found suitable version "3.10.12", minimum required is "3.6")
[1.658s] -- Found python_cmake_module: 0.10.0 (/opt/ros/humble/share/python_cmake_module/cmake)
[1.658s] [33mCMake Warning (dev) at /opt/ros/humble/share/python_cmake_module/cmake/Modules/FindPythonExtra.cmake:52 (find_package):
[1.658s]   Policy CMP0148 is not set: The FindPythonInterp and FindPythonLibs modules
[1.658s]   are removed.  Run "cmake --help-policy CMP0148" for policy details.  Use
[1.658s]   the cmake_policy command to set the policy and suppress this warning.
[1.658s] 
[1.658s] Call Stack (most recent call first):
[1.658s]   /opt/ros/humble/share/rosidl_generator_py/cmake/rosidl_generator_py_generate_interfaces.cmake:23 (find_package)
[1.658s]   /opt/ros/humble/share/ament_cmake_core/cmake/core/ament_execute_extensions.cmake:48 (include)
[1.658s]   /opt/ros/humble/share/rosidl_cmake/cmake/rosidl_generate_interfaces.cmake:286 (ament_execute_extensions)
[1.658s]   CMakeLists.txt:26 (rosidl_generate_interfaces)
[1.658s] This warning is for project developers.  Use -Wno-dev to suppress it.
[1.658s] [0m
[1.672s] [33mCMake Warning (dev) at /opt/ros/humble/share/python_cmake_module/cmake/Modules/FindPythonExtra.cmake:140 (find_package):
[1.672s]   Policy CMP0148 is not set: The FindPythonInterp and FindPythonLibs modules
[1.672s]   are removed.  Run "cmake --help-policy CMP0148" for policy details.  Use
[1.672s]   the cmake_policy command to set the policy and suppress this warning.
[1.672s] 
[1.672s] Call Stack (most recent call first):
[1.672s]   /opt/ros/humble/share/rosidl_generator_py/cmake/rosidl_generator_py_generate_interfaces.cmake:23 (find_package)
[1.672s]   /opt/ros/humble/share/ament_cmake_core/cmake/core/ament_execute_extensions.cmake:48 (include)
[1.672s]   /opt/ros/humble/share/rosidl_cmake/cmake/rosidl_generate_interfaces.cmake:286 (ament_execute_extensions)
[1.672s]   CMakeLists.txt:26 (rosidl_generate_interfaces)
[1.672s] This warning is for project developers.  Use -Wno-dev to suppress it.
[1.672s] [0m
[1.675s] -- Found PythonLibs: /usr/lib/x86_64-linux-gnu/libpython3.10.so (found suitable version "3.10.12", minimum required is "3.5")
[1.675s] -- Using PYTHON_EXECUTABLE: /usr/bin/python3
[1.675s] -- Using PYTHON_INCLUDE_DIRS: /usr/include/python3.10
[1.675s] -- Using PYTHON_LIBRARIES: /usr/lib/x86_64-linux-gnu/libpython3.10.so
[1.692s] -- Found PythonExtra: .so
[1.737s] -- Added test 'lint_cmake' to check CMake code style
[1.738s] -- Added test 'xmllint' to check XML markup files
[1.740s] -- Configuring done (1.6s)
[1.759s] -- Generating done (0.0s)
[1.763s] -- Build files have been written to: /home/mitchell/Documents/PhD/drone_cage_control/build/interfaces
[1.768s] Invoked command in '/home/mitchell/Documents/PhD/drone_cage_control/build/interfaces' returned '0': CMAKE_PREFIX_PATH=${CMAKE_PREFIX_PATH}:/home/mitchell/Documents/PhD/drone_cage_control/install/motion_capture_publisher:/home/mitchell/Documents/PhD/drone_cage_control/install/drone_communication:/opt/ros/humble /home/mitchell/.local/bin/cmake /home/mitchell/Documents/PhD/drone_cage_control/src/interfaces -DCMAKE_INSTALL_PREFIX=/home/mitchell/Documents/PhD/drone_cage_control/install/interfaces
[1.769s] Invoking command in '/home/mitchell/Documents/PhD/drone_cage_control/build/interfaces': CMAKE_PREFIX_PATH=${CMAKE_PREFIX_PATH}:/home/mitchell/Documents/PhD/drone_cage_control/install/motion_capture_publisher:/home/mitchell/Documents/PhD/drone_cage_control/install/drone_communication:/opt/ros/humble /home/mitchell/.local/bin/cmake --build /home/mitchell/Documents/PhD/drone_cage_control/build/interfaces -- -j28 -l28
[1.817s] [  2%] [34m[1mGenerating C code for ROS interfaces[0m
[1.820s] [  5%] [34m[1mGenerating C++ code for ROS interfaces[0m
[1.821s] [  5%] Built target ament_cmake_python_copy_interfaces
[1.937s] running egg_info
[1.948s] creating interfaces.egg-info
[1.948s] writing interfaces.egg-info/PKG-INFO
[1.948s] writing dependency_links to interfaces.egg-info/dependency_links.txt
[1.948s] writing top-level names to interfaces.egg-info/top_level.txt
[1.948s] writing manifest file 'interfaces.egg-info/SOURCES.txt'
[1.950s] [  5%] Built target interfaces__cpp
[1.953s] [  7%] [34m[1mGenerating C++ type support dispatch for ROS interfaces[0m
[1.953s] [ 10%] [34m[1mGenerating C++ type support for eProsima Fast-RTPS[0m
[1.954s] [ 12%] [34m[1mGenerating C++ introspection for ROS interfaces[0m
[1.954s] [ 15%] [32mBuilding C object CMakeFiles/interfaces__rosidl_generator_c.dir/rosidl_generator_c/interfaces/msg/detail/motion_capture_state__functions.c.o[0m
[1.954s] [ 17%] [32mBuilding C object CMakeFiles/interfaces__rosidl_generator_c.dir/rosidl_generator_c/interfaces/msg/detail/elrs_command__functions.c.o[0m
[1.967s] [ 20%] [32m[1mLinking C shared library libinterfaces__rosidl_generator_c.so[0m
[1.980s] reading manifest file 'interfaces.egg-info/SOURCES.txt'
[1.981s] writing manifest file 'interfaces.egg-info/SOURCES.txt'
[1.983s] [ 20%] Built target interfaces__rosidl_generator_c
[1.987s] [ 23%] [34m[1mGenerating C type support dispatch for ROS interfaces[0m
[1.987s] [ 28%] [34m[1mGenerating C introspection for ROS interfaces[0m
[1.987s] [ 28%] [34m[1mGenerating C type support for eProsima Fast-RTPS[0m
[1.993s] [ 28%] Built target ament_cmake_python_build_interfaces_egg
[2.064s] [ 33%] [32mBuilding CXX object CMakeFiles/interfaces__rosidl_typesupport_cpp.dir/rosidl_typesupport_cpp/interfaces/msg/motion_capture_state__type_support.cpp.o[0m
[2.064s] [ 33%] [32mBuilding CXX object CMakeFiles/interfaces__rosidl_typesupport_cpp.dir/rosidl_typesupport_cpp/interfaces/msg/elrs_command__type_support.cpp.o[0m
[2.070s] [ 38%] [32mBuilding CXX object CMakeFiles/interfaces__rosidl_typesupport_introspection_cpp.dir/rosidl_typesupport_introspection_cpp/interfaces/msg/detail/motion_capture_state__type_support.cpp.o[0m
[2.070s] [ 38%] [32mBuilding CXX object CMakeFiles/interfaces__rosidl_typesupport_introspection_cpp.dir/rosidl_typesupport_introspection_cpp/interfaces/msg/detail/elrs_command__type_support.cpp.o[0m
[2.079s] [ 41%] [32mBuilding CXX object CMakeFiles/interfaces__rosidl_typesupport_fastrtps_cpp.dir/rosidl_typesupport_fastrtps_cpp/interfaces/msg/detail/dds_fastrtps/motion_capture_state__type_support.cpp.o[0m
[2.079s] [ 43%] [32mBuilding CXX object CMakeFiles/interfaces__rosidl_typesupport_fastrtps_cpp.dir/rosidl_typesupport_fastrtps_cpp/interfaces/msg/detail/dds_fastrtps/elrs_command__type_support.cpp.o[0m
[2.097s] [ 48%] [32mBuilding CXX object CMakeFiles/interfaces__rosidl_typesupport_c.dir/rosidl_typesupport_c/interfaces/msg/elrs_command__type_support.cpp.o[0m
[2.097s] [ 48%] [32mBuilding CXX object CMakeFiles/interfaces__rosidl_typesupport_c.dir/rosidl_typesupport_c/interfaces/msg/motion_capture_state__type_support.cpp.o[0m
[2.108s] [ 51%] [32m[1mLinking CXX shared library libinterfaces__rosidl_typesupport_introspection_cpp.so[0m
[2.108s] [ 53%] [32mBuilding C object CMakeFiles/interfaces__rosidl_typesupport_introspection_c.dir/rosidl_typesupport_introspection_c/interfaces/msg/detail/elrs_command__type_support.c.o[0m
[2.108s] [ 56%] [32mBuilding C object CMakeFiles/interfaces__rosidl_typesupport_introspection_c.dir/rosidl_typesupport_introspection_c/interfaces/msg/detail/motion_capture_state__type_support.c.o[0m
[2.110s] [ 58%] [32m[1mLinking CXX shared library libinterfaces__rosidl_typesupport_c.so[0m
[2.111s] [ 61%] [32m[1mLinking CXX shared library libinterfaces__rosidl_typesupport_cpp.so[0m
[2.120s] [ 64%] [32m[1mLinking C shared library libinterfaces__rosidl_typesupport_introspection_c.so[0m
[2.123s] [ 66%] [32m[1mLinking CXX shared library libinterfaces__rosidl_typesupport_fastrtps_cpp.so[0m
[2.125s] [ 69%] [32mBuilding CXX object CMakeFiles/interfaces__rosidl_typesupport_fastrtps_c.dir/rosidl_typesupport_fastrtps_c/interfaces/msg/detail/motion_capture_state__type_support_c.cpp.o[0m
[2.125s] [ 71%] [32mBuilding CXX object CMakeFiles/interfaces__rosidl_typesupport_fastrtps_c.dir/rosidl_typesupport_fastrtps_c/interfaces/msg/detail/elrs_command__type_support_c.cpp.o[0m
[2.127s] [ 71%] Built target interfaces__rosidl_typesupport_cpp
[2.128s] [ 71%] Built target interfaces__rosidl_typesupport_c
[2.131s] [ 71%] Built target interfaces__rosidl_typesupport_introspection_c
[2.133s] [ 71%] Built target interfaces__rosidl_typesupport_introspection_cpp
[2.152s] [ 71%] Built target interfaces__rosidl_typesupport_fastrtps_cpp
[2.160s] [ 74%] [32m[1mLinking CXX shared library libinterfaces__rosidl_typesupport_fastrtps_c.so[0m
[2.190s] [ 74%] Built target interfaces__rosidl_typesupport_fastrtps_c
[2.195s] [ 74%] Built target interfaces
[2.201s] [ 76%] [34m[1mGenerating Python code for ROS interfaces[0m
[2.375s] [ 76%] Built target interfaces__py
[2.381s] [ 79%] [32mBuilding C object CMakeFiles/interfaces__rosidl_generator_py.dir/rosidl_generator_py/interfaces/msg/_motion_capture_state_s.c.o[0m
[2.381s] [ 82%] [32mBuilding C object CMakeFiles/interfaces__rosidl_generator_py.dir/rosidl_generator_py/interfaces/msg/_elrs_command_s.c.o[0m
[2.413s] [ 84%] [32m[1mLinking C shared library rosidl_generator_py/interfaces/libinterfaces__rosidl_generator_py.so[0m
[2.432s] [ 84%] Built target interfaces__rosidl_generator_py
[2.438s] [ 87%] [32mBuilding C object CMakeFiles/interfaces__rosidl_typesupport_introspection_c__pyext.dir/rosidl_generator_py/interfaces/_interfaces_s.ep.rosidl_typesupport_introspection_c.c.o[0m
[2.439s] [ 89%] [32mBuilding C object CMakeFiles/interfaces__rosidl_typesupport_c__pyext.dir/rosidl_generator_py/interfaces/_interfaces_s.ep.rosidl_typesupport_c.c.o[0m
[2.439s] [ 92%] [32mBuilding C object CMakeFiles/interfaces__rosidl_typesupport_fastrtps_c__pyext.dir/rosidl_generator_py/interfaces/_interfaces_s.ep.rosidl_typesupport_fastrtps_c.c.o[0m
[2.471s] [ 94%] [32m[1mLinking C shared library rosidl_generator_py/interfaces/interfaces_s__rosidl_typesupport_introspection_c.cpython-310-x86_64-linux-gnu.so[0m
[2.476s] [ 97%] [32m[1mLinking C shared library rosidl_generator_py/interfaces/interfaces_s__rosidl_typesupport_c.cpython-310-x86_64-linux-gnu.so[0m
[2.479s] [100%] [32m[1mLinking C shared library rosidl_generator_py/interfaces/interfaces_s__rosidl_typesupport_fastrtps_c.cpython-310-x86_64-linux-gnu.so[0m
[2.487s] [100%] Built target interfaces__rosidl_typesupport_introspection_c__pyext
[2.492s] [100%] Built target interfaces__rosidl_typesupport_c__pyext
[2.494s] [100%] Built target interfaces__rosidl_typesupport_fastrtps_c__pyext
[2.497s] Invoked command in '/home/mitchell/Documents/PhD/drone_cage_control/build/interfaces' returned '0': CMAKE_PREFIX_PATH=${CMAKE_PREFIX_PATH}:/home/mitchell/Documents/PhD/drone_cage_control/install/motion_capture_publisher:/home/mitchell/Documents/PhD/drone_cage_control/install/drone_communication:/opt/ros/humble /home/mitchell/.local/bin/cmake --build /home/mitchell/Documents/PhD/drone_cage_control/build/interfaces -- -j28 -l28
[2.537s] Invoking command in '/home/mitchell/Documents/PhD/drone_cage_control/build/interfaces': CMAKE_PREFIX_PATH=${CMAKE_PREFIX_PATH}:/home/mitchell/Documents/PhD/drone_cage_control/install/motion_capture_publisher:/home/mitchell/Documents/PhD/drone_cage_control/install/drone_communication:/opt/ros/humble /home/mitchell/.local/bin/cmake --install /home/mitchell/Documents/PhD/drone_cage_control/build/interfaces
[2.576s] -- Install configuration: ""
[2.576s] -- Installing: /home/mitchell/Documents/PhD/drone_cage_control/install/interfaces/share/ament_index/resource_index/rosidl_interfaces/interfaces
[2.576s] -- Installing: /home/mitchell/Documents/PhD/drone_cage_control/install/interfaces/include/interfaces/interfaces
[2.576s] -- Installing: /home/mitchell/Documents/PhD/drone_cage_control/install/interfaces/include/interfaces/interfaces/msg
[2.576s] -- Installing: /home/mitchell/Documents/PhD/drone_cage_control/install/interfaces/include/interfaces/interfaces/msg/elrs_command.h
[2.576s] -- Installing: /home/mitchell/Documents/PhD/drone_cage_control/install/interfaces/include/interfaces/interfaces/msg/motion_capture_state.h
[2.576s] -- Installing: /home/mitchell/Documents/PhD/drone_cage_control/install/interfaces/include/interfaces/interfaces/msg/rosidl_generator_c__visibility_control.h
[2.576s] -- Installing: /home/mitchell/Documents/PhD/drone_cage_control/install/interfaces/include/interfaces/interfaces/msg/detail
[2.577s] -- Installing: /home/mitchell/Documents/PhD/drone_cage_control/install/interfaces/include/interfaces/interfaces/msg/detail/motion_capture_state__struct.h
[2.577s] -- Installing: /home/mitchell/Documents/PhD/drone_cage_control/install/interfaces/include/interfaces/interfaces/msg/detail/elrs_command__functions.h
[2.577s] -- Installing: /home/mitchell/Documents/PhD/drone_cage_control/install/interfaces/include/interfaces/interfaces/msg/detail/elrs_command__functions.c
[2.577s] -- Installing: /home/mitchell/Documents/PhD/drone_cage_control/install/interfaces/include/interfaces/interfaces/msg/detail/elrs_command__struct.h
[2.577s] -- Installing: /home/mitchell/Documents/PhD/drone_cage_control/install/interfaces/include/interfaces/interfaces/msg/detail/motion_capture_state__functions.h
[2.577s] -- Installing: /home/mitchell/Documents/PhD/drone_cage_control/install/interfaces/include/interfaces/interfaces/msg/detail/elrs_command__type_support.h
[2.577s] -- Installing: /home/mitchell/Documents/PhD/drone_cage_control/install/interfaces/include/interfaces/interfaces/msg/detail/motion_capture_state__type_support.h
[2.577s] -- Installing: /home/mitchell/Documents/PhD/drone_cage_control/install/interfaces/include/interfaces/interfaces/msg/detail/motion_capture_state__functions.c
[2.577s] -- Installing: /home/mitchell/Documents/PhD/drone_cage_control/install/interfaces/share/interfaces/environment/library_path.sh
[2.577s] -- Installing: /home/mitchell/Documents/PhD/drone_cage_control/install/interfaces/share/interfaces/environment/library_path.dsv
[2.577s] -- Installing: /home/mitchell/Documents/PhD/drone_cage_control/install/interfaces/lib/libinterfaces__rosidl_generator_c.so
[2.577s] -- Set non-toolchain portion of runtime path of "/home/mitchell/Documents/PhD/drone_cage_control/install/interfaces/lib/libinterfaces__rosidl_generator_c.so" to ""
[2.577s] -- Up-to-date: /home/mitchell/Documents/PhD/drone_cage_control/install/interfaces/include/interfaces/interfaces
[2.577s] -- Up-to-date: /home/mitchell/Documents/PhD/drone_cage_control/install/interfaces/include/interfaces/interfaces/msg
[2.577s] -- Installing: /home/mitchell/Documents/PhD/drone_cage_control/install/interfaces/include/interfaces/interfaces/msg/rosidl_typesupport_fastrtps_c__visibility_control.h
[2.577s] -- Up-to-date: /home/mitchell/Documents/PhD/drone_cage_control/install/interfaces/include/interfaces/interfaces/msg/detail
[2.577s] -- Installing: /home/mitchell/Documents/PhD/drone_cage_control/install/interfaces/include/interfaces/interfaces/msg/detail/motion_capture_state__rosidl_typesupport_fastrtps_c.h
[2.577s] -- Installing: /home/mitchell/Documents/PhD/drone_cage_control/install/interfaces/include/interfaces/interfaces/msg/detail/elrs_command__rosidl_typesupport_fastrtps_c.h
[2.577s] -- Installing: /home/mitchell/Documents/PhD/drone_cage_control/install/interfaces/lib/libinterfaces__rosidl_typesupport_fastrtps_c.so
[2.577s] -- Set non-toolchain portion of runtime path of "/home/mitchell/Documents/PhD/drone_cage_control/install/interfaces/lib/libinterfaces__rosidl_typesupport_fastrtps_c.so" to ""
[2.577s] -- Up-to-date: /home/mitchell/Documents/PhD/drone_cage_control/install/interfaces/include/interfaces/interfaces
[2.577s] -- Up-to-date: /home/mitchell/Documents/PhD/drone_cage_control/install/interfaces/include/interfaces/interfaces/msg
[2.577s] -- Installing: /home/mitchell/Documents/PhD/drone_cage_control/install/interfaces/include/interfaces/interfaces/msg/rosidl_typesupport_introspection_c__visibility_control.h
[2.577s] -- Up-to-date: /home/mitchell/Documents/PhD/drone_cage_control/install/interfaces/include/interfaces/interfaces/msg/detail
[2.577s] -- Installing: /home/mitchell/Documents/PhD/drone_cage_control/install/interfaces/include/interfaces/interfaces/msg/detail/motion_capture_state__type_support.c
[2.577s] -- Installing: /home/mitchell/Documents/PhD/drone_cage_control/install/interfaces/include/interfaces/interfaces/msg/detail/elrs_command__rosidl_typesupport_introspection_c.h
[2.577s] -- Installing: /home/mitchell/Documents/PhD/drone_cage_control/install/interfaces/include/interfaces/interfaces/msg/detail/motion_capture_state__rosidl_typesupport_introspection_c.h
[2.577s] -- Installing: /home/mitchell/Documents/PhD/drone_cage_control/install/interfaces/include/interfaces/interfaces/msg/detail/elrs_command__type_support.c
[2.577s] -- Installing: /home/mitchell/Documents/PhD/drone_cage_control/install/interfaces/lib/libinterfaces__rosidl_typesupport_introspection_c.so
[2.577s] -- Set non-toolchain portion of runtime path of "/home/mitchell/Documents/PhD/drone_cage_control/install/interfaces/lib/libinterfaces__rosidl_typesupport_introspection_c.so" to ""
[2.577s] -- Installing: /home/mitchell/Documents/PhD/drone_cage_control/install/interfaces/lib/libinterfaces__rosidl_typesupport_c.so
[2.578s] -- Set non-toolchain portion of runtime path of "/home/mitchell/Documents/PhD/drone_cage_control/install/interfaces/lib/libinterfaces__rosidl_typesupport_c.so" to ""
[2.578s] -- Up-to-date: /home/mitchell/Documents/PhD/drone_cage_control/install/interfaces/include/interfaces/interfaces
[2.578s] -- Up-to-date: /home/mitchell/Documents/PhD/drone_cage_control/install/interfaces/include/interfaces/interfaces/msg
[2.578s] -- Installing: /home/mitchell/Documents/PhD/drone_cage_control/install/interfaces/include/interfaces/interfaces/msg/motion_capture_state.hpp
[2.578s] -- Installing: /home/mitchell/Documents/PhD/drone_cage_control/install/interfaces/include/interfaces/interfaces/msg/rosidl_generator_cpp__visibility_control.hpp
[2.578s] -- Installing: /home/mitchell/Documents/PhD/drone_cage_control/install/interfaces/include/interfaces/interfaces/msg/elrs_command.hpp
[2.578s] -- Up-to-date: /home/mitchell/Documents/PhD/drone_cage_control/install/interfaces/include/interfaces/interfaces/msg/detail
[2.578s] -- Installing: /home/mitchell/Documents/PhD/drone_cage_control/install/interfaces/include/interfaces/interfaces/msg/detail/elrs_command__builder.hpp
[2.578s] -- Installing: /home/mitchell/Documents/PhD/drone_cage_control/install/interfaces/include/interfaces/interfaces/msg/detail/motion_capture_state__traits.hpp
[2.578s] -- Installing: /home/mitchell/Documents/PhD/drone_cage_control/install/interfaces/include/interfaces/interfaces/msg/detail/elrs_command__traits.hpp
[2.578s] -- Installing: /home/mitchell/Documents/PhD/drone_cage_control/install/interfaces/include/interfaces/interfaces/msg/detail/elrs_command__type_support.hpp
[2.578s] -- Installing: /home/mitchell/Documents/PhD/drone_cage_control/install/interfaces/include/interfaces/interfaces/msg/detail/motion_capture_state__builder.hpp
[2.578s] -- Installing: /home/mitchell/Documents/PhD/drone_cage_control/install/interfaces/include/interfaces/interfaces/msg/detail/motion_capture_state__struct.hpp
[2.578s] -- Installing: /home/mitchell/Documents/PhD/drone_cage_control/install/interfaces/include/interfaces/interfaces/msg/detail/motion_capture_state__type_support.hpp
[2.578s] -- Installing: /home/mitchell/Documents/PhD/drone_cage_control/install/interfaces/include/interfaces/interfaces/msg/detail/elrs_command__struct.hpp
[2.578s] -- Up-to-date: /home/mitchell/Documents/PhD/drone_cage_control/install/interfaces/include/interfaces/interfaces
[2.578s] -- Up-to-date: /home/mitchell/Documents/PhD/drone_cage_control/install/interfaces/include/interfaces/interfaces/msg
[2.578s] -- Installing: /home/mitchell/Documents/PhD/drone_cage_control/install/interfaces/include/interfaces/interfaces/msg/rosidl_typesupport_fastrtps_cpp__visibility_control.h
[2.578s] -- Up-to-date: /home/mitchell/Documents/PhD/drone_cage_control/install/interfaces/include/interfaces/interfaces/msg/detail
[2.578s] -- Installing: /home/mitchell/Documents/PhD/drone_cage_control/install/interfaces/include/interfaces/interfaces/msg/detail/elrs_command__rosidl_typesupport_fastrtps_cpp.hpp
[2.578s] -- Installing: /home/mitchell/Documents/PhD/drone_cage_control/install/interfaces/include/interfaces/interfaces/msg/detail/dds_fastrtps
[2.578s] -- Installing: /home/mitchell/Documents/PhD/drone_cage_control/install/interfaces/include/interfaces/interfaces/msg/detail/motion_capture_state__rosidl_typesupport_fastrtps_cpp.hpp
[2.578s] -- Installing: /home/mitchell/Documents/PhD/drone_cage_control/install/interfaces/lib/libinterfaces__rosidl_typesupport_fastrtps_cpp.so
[2.578s] -- Set non-toolchain portion of runtime path of "/home/mitchell/Documents/PhD/drone_cage_control/install/interfaces/lib/libinterfaces__rosidl_typesupport_fastrtps_cpp.so" to ""
[2.578s] -- Up-to-date: /home/mitchell/Documents/PhD/drone_cage_control/install/interfaces/include/interfaces/interfaces
[2.578s] -- Up-to-date: /home/mitchell/Documents/PhD/drone_cage_control/install/interfaces/include/interfaces/interfaces/msg
[2.578s] -- Up-to-date: /home/mitchell/Documents/PhD/drone_cage_control/install/interfaces/include/interfaces/interfaces/msg/detail
[2.579s] -- Installing: /home/mitchell/Documents/PhD/drone_cage_control/install/interfaces/include/interfaces/interfaces/msg/detail/motion_capture_state__rosidl_typesupport_introspection_cpp.hpp
[2.579s] -- Installing: /home/mitchell/Documents/PhD/drone_cage_control/install/interfaces/include/interfaces/interfaces/msg/detail/elrs_command__rosidl_typesupport_introspection_cpp.hpp
[2.579s] -- Installing: /home/mitchell/Documents/PhD/drone_cage_control/install/interfaces/include/interfaces/interfaces/msg/detail/elrs_command__type_support.cpp
[2.579s] -- Installing: /home/mitchell/Documents/PhD/drone_cage_control/install/interfaces/include/interfaces/interfaces/msg/detail/motion_capture_state__type_support.cpp
[2.579s] -- Installing: /home/mitchell/Documents/PhD/drone_cage_control/install/interfaces/lib/libinterfaces__rosidl_typesupport_introspection_cpp.so
[2.579s] -- Set non-toolchain portion of runtime path of "/home/mitchell/Documents/PhD/drone_cage_control/install/interfaces/lib/libinterfaces__rosidl_typesupport_introspection_cpp.so" to ""
[2.579s] -- Installing: /home/mitchell/Documents/PhD/drone_cage_control/install/interfaces/lib/libinterfaces__rosidl_typesupport_cpp.so
[2.579s] -- Set non-toolchain portion of runtime path of "/home/mitchell/Documents/PhD/drone_cage_control/install/interfaces/lib/libinterfaces__rosidl_typesupport_cpp.so" to ""
[2.579s] -- Installing: /home/mitchell/Documents/PhD/drone_cage_control/install/interfaces/share/interfaces/environment/pythonpath.sh
[2.579s] -- Installing: /home/mitchell/Documents/PhD/drone_cage_control/install/interfaces/share/interfaces/environment/pythonpath.dsv
[2.579s] -- Installing: /home/mitchell/Documents/PhD/drone_cage_control/install/interfaces/local/lib/python3.10/dist-packages/interfaces-0.0.0-py3.10.egg-info
[2.579s] -- Installing: /home/mitchell/Documents/PhD/drone_cage_control/install/interfaces/local/lib/python3.10/dist-packages/interfaces-0.0.0-py3.10.egg-info/top_level.txt
[2.579s] -- Installing: /home/mitchell/Documents/PhD/drone_cage_control/install/interfaces/local/lib/python3.10/dist-packages/interfaces-0.0.0-py3.10.egg-info/PKG-INFO
[2.579s] -- Installing: /home/mitchell/Documents/PhD/drone_cage_control/install/interfaces/local/lib/python3.10/dist-packages/interfaces-0.0.0-py3.10.egg-info/dependency_links.txt
[2.579s] -- Installing: /home/mitchell/Documents/PhD/drone_cage_control/install/interfaces/local/lib/python3.10/dist-packages/interfaces-0.0.0-py3.10.egg-info/SOURCES.txt
[2.579s] -- Installing: /home/mitchell/Documents/PhD/drone_cage_control/install/interfaces/local/lib/python3.10/dist-packages/interfaces
[2.579s] -- Installing: /home/mitchell/Documents/PhD/drone_cage_control/install/interfaces/local/lib/python3.10/dist-packages/interfaces/__init__.py
[2.579s] -- Installing: /home/mitchell/Documents/PhD/drone_cage_control/install/interfaces/local/lib/python3.10/dist-packages/interfaces/libinterfaces__rosidl_generator_py.so
[2.579s] -- Installing: /home/mitchell/Documents/PhD/drone_cage_control/install/interfaces/local/lib/python3.10/dist-packages/interfaces/msg
[2.579s] -- Installing: /home/mitchell/Documents/PhD/drone_cage_control/install/interfaces/local/lib/python3.10/dist-packages/interfaces/msg/__init__.py
[2.579s] -- Installing: /home/mitchell/Documents/PhD/drone_cage_control/install/interfaces/local/lib/python3.10/dist-packages/interfaces/msg/_motion_capture_state_s.c
[2.579s] -- Installing: /home/mitchell/Documents/PhD/drone_cage_control/install/interfaces/local/lib/python3.10/dist-packages/interfaces/msg/_elrs_command.py
[2.580s] -- Installing: /home/mitchell/Documents/PhD/drone_cage_control/install/interfaces/local/lib/python3.10/dist-packages/interfaces/msg/_motion_capture_state.py
[2.580s] -- Installing: /home/mitchell/Documents/PhD/drone_cage_control/install/interfaces/local/lib/python3.10/dist-packages/interfaces/msg/_elrs_command_s.c
[2.580s] -- Installing: /home/mitchell/Documents/PhD/drone_cage_control/install/interfaces/local/lib/python3.10/dist-packages/interfaces/interfaces_s__rosidl_typesupport_introspection_c.cpython-310-x86_64-linux-gnu.so
[2.580s] -- Installing: /home/mitchell/Documents/PhD/drone_cage_control/install/interfaces/local/lib/python3.10/dist-packages/interfaces/_interfaces_s.ep.rosidl_typesupport_fastrtps_c.c
[2.580s] -- Installing: /home/mitchell/Documents/PhD/drone_cage_control/install/interfaces/local/lib/python3.10/dist-packages/interfaces/_interfaces_s.ep.rosidl_typesupport_introspection_c.c
[2.580s] -- Installing: /home/mitchell/Documents/PhD/drone_cage_control/install/interfaces/local/lib/python3.10/dist-packages/interfaces/interfaces_s__rosidl_typesupport_c.cpython-310-x86_64-linux-gnu.so
[2.580s] -- Installing: /home/mitchell/Documents/PhD/drone_cage_control/install/interfaces/local/lib/python3.10/dist-packages/interfaces/_interfaces_s.ep.rosidl_typesupport_c.c
[2.580s] -- Installing: /home/mitchell/Documents/PhD/drone_cage_control/install/interfaces/local/lib/python3.10/dist-packages/interfaces/interfaces_s__rosidl_typesupport_fastrtps_c.cpython-310-x86_64-linux-gnu.so
[2.598s] Listing '/home/mitchell/Documents/PhD/drone_cage_control/install/interfaces/local/lib/python3.10/dist-packages/interfaces'...
[2.598s] Compiling '/home/mitchell/Documents/PhD/drone_cage_control/install/interfaces/local/lib/python3.10/dist-packages/interfaces/__init__.py'...
[2.598s] Listing '/home/mitchell/Documents/PhD/drone_cage_control/install/interfaces/local/lib/python3.10/dist-packages/interfaces/msg'...
[2.598s] Compiling '/home/mitchell/Documents/PhD/drone_cage_control/install/interfaces/local/lib/python3.10/dist-packages/interfaces/msg/__init__.py'...
[2.598s] Compiling '/home/mitchell/Documents/PhD/drone_cage_control/install/interfaces/local/lib/python3.10/dist-packages/interfaces/msg/_elrs_command.py'...
[2.598s] Compiling '/home/mitchell/Documents/PhD/drone_cage_control/install/interfaces/local/lib/python3.10/dist-packages/interfaces/msg/_motion_capture_state.py'...
[2.600s] -- Installing: /home/mitchell/Documents/PhD/drone_cage_control/install/interfaces/local/lib/python3.10/dist-packages/interfaces/interfaces_s__rosidl_typesupport_fastrtps_c.cpython-310-x86_64-linux-gnu.so
[2.600s] -- Set non-toolchain portion of runtime path of "/home/mitchell/Documents/PhD/drone_cage_control/install/interfaces/local/lib/python3.10/dist-packages/interfaces/interfaces_s__rosidl_typesupport_fastrtps_c.cpython-310-x86_64-linux-gnu.so" to ""
[2.601s] -- Installing: /home/mitchell/Documents/PhD/drone_cage_control/install/interfaces/local/lib/python3.10/dist-packages/interfaces/interfaces_s__rosidl_typesupport_introspection_c.cpython-310-x86_64-linux-gnu.so
[2.601s] -- Set non-toolchain portion of runtime path of "/home/mitchell/Documents/PhD/drone_cage_control/install/interfaces/local/lib/python3.10/dist-packages/interfaces/interfaces_s__rosidl_typesupport_introspection_c.cpython-310-x86_64-linux-gnu.so" to ""
[2.601s] -- Installing: /home/mitchell/Documents/PhD/drone_cage_control/install/interfaces/local/lib/python3.10/dist-packages/interfaces/interfaces_s__rosidl_typesupport_c.cpython-310-x86_64-linux-gnu.so
[2.601s] -- Set non-toolchain portion of runtime path of "/home/mitchell/Documents/PhD/drone_cage_control/install/interfaces/local/lib/python3.10/dist-packages/interfaces/interfaces_s__rosidl_typesupport_c.cpython-310-x86_64-linux-gnu.so" to ""
[2.601s] -- Installing: /home/mitchell/Documents/PhD/drone_cage_control/install/interfaces/lib/libinterfaces__rosidl_generator_py.so
[2.601s] -- Set non-toolchain portion of runtime path of "/home/mitchell/Documents/PhD/drone_cage_control/install/interfaces/lib/libinterfaces__rosidl_generator_py.so" to ""
[2.601s] -- Installing: /home/mitchell/Documents/PhD/drone_cage_control/install/interfaces/share/interfaces/msg/MotionCaptureState.idl
[2.601s] -- Installing: /home/mitchell/Documents/PhD/drone_cage_control/install/interfaces/share/interfaces/msg/ELRSCommand.idl
[2.601s] -- Installing: /home/mitchell/Documents/PhD/drone_cage_control/install/interfaces/share/interfaces/msg/MotionCaptureState.msg
[2.601s] -- Installing: /home/mitchell/Documents/PhD/drone_cage_control/install/interfaces/share/interfaces/msg/ELRSCommand.msg
[2.601s] -- Installing: /home/mitchell/Documents/PhD/drone_cage_control/install/interfaces/share/ament_index/resource_index/package_run_dependencies/interfaces
[2.601s] -- Installing: /home/mitchell/Documents/PhD/drone_cage_control/install/interfaces/share/ament_index/resource_index/parent_prefix_path/interfaces
[2.601s] -- Installing: /home/mitchell/Documents/PhD/drone_cage_control/install/interfaces/share/interfaces/environment/ament_prefix_path.sh
[2.601s] -- Installing: /home/mitchell/Documents/PhD/drone_cage_control/install/interfaces/share/interfaces/environment/ament_prefix_path.dsv
[2.601s] -- Installing: /home/mitchell/Documents/PhD/drone_cage_control/install/interfaces/share/interfaces/environment/path.sh
[2.601s] -- Installing: /home/mitchell/Documents/PhD/drone_cage_control/install/interfaces/share/interfaces/environment/path.dsv
[2.601s] -- Installing: /home/mitchell/Documents/PhD/drone_cage_control/install/interfaces/share/interfaces/local_setup.bash
[2.601s] -- Installing: /home/mitchell/Documents/PhD/drone_cage_control/install/interfaces/share/interfaces/local_setup.sh
[2.601s] -- Installing: /home/mitchell/Documents/PhD/drone_cage_control/install/interfaces/share/interfaces/local_setup.zsh
[2.602s] -- Installing: /home/mitchell/Documents/PhD/drone_cage_control/install/interfaces/share/interfaces/local_setup.dsv
[2.602s] -- Installing: /home/mitchell/Documents/PhD/drone_cage_control/install/interfaces/share/interfaces/package.dsv
[2.602s] -- Installing: /home/mitchell/Documents/PhD/drone_cage_control/install/interfaces/share/ament_index/resource_index/packages/interfaces
[2.602s] -- Installing: /home/mitchell/Documents/PhD/drone_cage_control/install/interfaces/share/interfaces/cmake/export_interfaces__rosidl_generator_cExport.cmake
[2.602s] -- Installing: /home/mitchell/Documents/PhD/drone_cage_control/install/interfaces/share/interfaces/cmake/export_interfaces__rosidl_generator_cExport-noconfig.cmake
[2.602s] -- Installing: /home/mitchell/Documents/PhD/drone_cage_control/install/interfaces/share/interfaces/cmake/export_interfaces__rosidl_typesupport_fastrtps_cExport.cmake
[2.602s] -- Installing: /home/mitchell/Documents/PhD/drone_cage_control/install/interfaces/share/interfaces/cmake/export_interfaces__rosidl_typesupport_fastrtps_cExport-noconfig.cmake
[2.602s] -- Installing: /home/mitchell/Documents/PhD/drone_cage_control/install/interfaces/share/interfaces/cmake/interfaces__rosidl_typesupport_introspection_cExport.cmake
[2.602s] -- Installing: /home/mitchell/Documents/PhD/drone_cage_control/install/interfaces/share/interfaces/cmake/interfaces__rosidl_typesupport_introspection_cExport-noconfig.cmake
[2.602s] -- Installing: /home/mitchell/Documents/PhD/drone_cage_control/install/interfaces/share/interfaces/cmake/interfaces__rosidl_typesupport_cExport.cmake
[2.602s] -- Installing: /home/mitchell/Documents/PhD/drone_cage_control/install/interfaces/share/interfaces/cmake/interfaces__rosidl_typesupport_cExport-noconfig.cmake
[2.602s] -- Installing: /home/mitchell/Documents/PhD/drone_cage_control/install/interfaces/share/interfaces/cmake/export_interfaces__rosidl_generator_cppExport.cmake
[2.602s] -- Installing: /home/mitchell/Documents/PhD/drone_cage_control/install/interfaces/share/interfaces/cmake/export_interfaces__rosidl_typesupport_fastrtps_cppExport.cmake
[2.602s] -- Installing: /home/mitchell/Documents/PhD/drone_cage_control/install/interfaces/share/interfaces/cmake/export_interfaces__rosidl_typesupport_fastrtps_cppExport-noconfig.cmake
[2.602s] -- Installing: /home/mitchell/Documents/PhD/drone_cage_control/install/interfaces/share/interfaces/cmake/interfaces__rosidl_typesupport_introspection_cppExport.cmake
[2.602s] -- Installing: /home/mitchell/Documents/PhD/drone_cage_control/install/interfaces/share/interfaces/cmake/interfaces__rosidl_typesupport_introspection_cppExport-noconfig.cmake
[2.602s] -- Installing: /home/mitchell/Documents/PhD/drone_cage_control/install/interfaces/share/interfaces/cmake/interfaces__rosidl_typesupport_cppExport.cmake
[2.602s] -- Installing: /home/mitchell/Documents/PhD/drone_cage_control/install/interfaces/share/interfaces/cmake/interfaces__rosidl_typesupport_cppExport-noconfig.cmake
[2.602s] -- Installing: /home/mitchell/Documents/PhD/drone_cage_control/install/interfaces/share/interfaces/cmake/export_interfaces__rosidl_generator_pyExport.cmake
[2.602s] -- Installing: /home/mitchell/Documents/PhD/drone_cage_control/install/interfaces/share/interfaces/cmake/export_interfaces__rosidl_generator_pyExport-noconfig.cmake
[2.602s] -- Installing: /home/mitchell/Documents/PhD/drone_cage_control/install/interfaces/share/interfaces/cmake/rosidl_cmake-extras.cmake
[2.602s] -- Installing: /home/mitchell/Documents/PhD/drone_cage_control/install/interfaces/share/interfaces/cmake/ament_cmake_export_dependencies-extras.cmake
[2.602s] -- Installing: /home/mitchell/Documents/PhD/drone_cage_control/install/interfaces/share/interfaces/cmake/ament_cmake_export_include_directories-extras.cmake
[2.602s] -- Installing: /home/mitchell/Documents/PhD/drone_cage_control/install/interfaces/share/interfaces/cmake/ament_cmake_export_libraries-extras.cmake
[2.602s] -- Installing: /home/mitchell/Documents/PhD/drone_cage_control/install/interfaces/share/interfaces/cmake/ament_cmake_export_targets-extras.cmake
[2.602s] -- Installing: /home/mitchell/Documents/PhD/drone_cage_control/install/interfaces/share/interfaces/cmake/rosidl_cmake_export_typesupport_targets-extras.cmake
[2.602s] -- Installing: /home/mitchell/Documents/PhD/drone_cage_control/install/interfaces/share/interfaces/cmake/rosidl_cmake_export_typesupport_libraries-extras.cmake
[2.602s] -- Installing: /home/mitchell/Documents/PhD/drone_cage_control/install/interfaces/share/interfaces/cmake/interfacesConfig.cmake
[2.602s] -- Installing: /home/mitchell/Documents/PhD/drone_cage_control/install/interfaces/share/interfaces/cmake/interfacesConfig-version.cmake
[2.603s] -- Installing: /home/mitchell/Documents/PhD/drone_cage_control/install/interfaces/share/interfaces/package.xml
[2.604s] Invoked command in '/home/mitchell/Documents/PhD/drone_cage_control/build/interfaces' returned '0': CMAKE_PREFIX_PATH=${CMAKE_PREFIX_PATH}:/home/mitchell/Documents/PhD/drone_cage_control/install/motion_capture_publisher:/home/mitchell/Documents/PhD/drone_cage_control/install/drone_communication:/opt/ros/humble /home/mitchell/.local/bin/cmake --install /home/mitchell/Documents/PhD/drone_cage_control/build/interfaces
