[0.805s] Invoking command in '/home/mitchell/Documents/PhD/drone_cage_control/src/drone_communication': PYTHONPATH=/home/mitchell/Documents/PhD/drone_cage_control/build/drone_communication/prefix_override:/usr/lib/python3/dist-packages/colcon_core/task/python/colcon_distutils_commands:/home/mitchell/Documents/PhD/drone_cage_control/install/drone_communication/lib/python3.10/site-packages:${PYTHONPATH} /usr/bin/python3 -W ignore:setup.py install is deprecated -W ignore:easy_install command is deprecated setup.py egg_info --egg-base ../../build/drone_communication build --build-base /home/mitchell/Documents/PhD/drone_cage_control/build/drone_communication/build install --record /home/mitchell/Documents/PhD/drone_cage_control/build/drone_communication/install.log --single-version-externally-managed install_data
[0.893s] /home/mitchell/.local/lib/python3.10/site-packages/setuptools/_distutils/dist.py:289: UserWarning: Unknown distribution option: 'tests_require'
[0.893s]   warnings.warn(msg)
[0.958s] running egg_info
[0.969s] writing ../../build/drone_communication/drone_communication.egg-info/PKG-INFO
[0.969s] writing dependency_links to ../../build/drone_communication/drone_communication.egg-info/dependency_links.txt
[0.969s] writing entry points to ../../build/drone_communication/drone_communication.egg-info/entry_points.txt
[0.969s] writing requirements to ../../build/drone_communication/drone_communication.egg-info/requires.txt
[0.969s] writing top-level names to ../../build/drone_communication/drone_communication.egg-info/top_level.txt
[0.991s] reading manifest file '../../build/drone_communication/drone_communication.egg-info/SOURCES.txt'
[0.992s] writing manifest file '../../build/drone_communication/drone_communication.egg-info/SOURCES.txt'
[0.992s] running build
[0.992s] running build_py
[0.992s] copying drone_communication/elrs_interface.py -> /home/mitchell/Documents/PhD/drone_cage_control/build/drone_communication/build/lib/drone_communication
[0.992s] copying drone_communication/video_interface.py -> /home/mitchell/Documents/PhD/drone_cage_control/build/drone_communication/build/lib/drone_communication
[0.992s] running install
[0.994s] running install_lib
[1.004s] copying /home/mitchell/Documents/PhD/drone_cage_control/build/drone_communication/build/lib/drone_communication/elrs_interface.py -> /home/mitchell/Documents/PhD/drone_cage_control/install/drone_communication/lib/python3.10/site-packages/drone_communication
[1.005s] byte-compiling /home/mitchell/Documents/PhD/drone_cage_control/install/drone_communication/lib/python3.10/site-packages/drone_communication/elrs_interface.py to elrs_interface.cpython-310.pyc
[1.006s] running install_data
[1.006s] copying resource/drone_communication -> /home/mitchell/Documents/PhD/drone_cage_control/install/drone_communication/share/ament_index/resource_index/packages
[1.006s] copying package.xml -> /home/mitchell/Documents/PhD/drone_cage_control/install/drone_communication/share/drone_communication
[1.006s] copying launch/quad_launch.py -> /home/mitchell/Documents/PhD/drone_cage_control/install/drone_communication/share/drone_communication/launch
[1.006s] running install_egg_info
[1.017s] removing '/home/mitchell/Documents/PhD/drone_cage_control/install/drone_communication/lib/python3.10/site-packages/drone_communication-0.0.0-py3.10.egg-info' (and everything under it)
[1.017s] Copying ../../build/drone_communication/drone_communication.egg-info to /home/mitchell/Documents/PhD/drone_cage_control/install/drone_communication/lib/python3.10/site-packages/drone_communication-0.0.0-py3.10.egg-info
[1.017s] running install_scripts
[1.106s] Installing elrs_interface script to /home/mitchell/Documents/PhD/drone_cage_control/install/drone_communication/lib/drone_communication
[1.106s] Installing video_interface script to /home/mitchell/Documents/PhD/drone_cage_control/install/drone_communication/lib/drone_communication
[1.106s] writing list of installed files to '/home/mitchell/Documents/PhD/drone_cage_control/build/drone_communication/install.log'
[1.118s] Invoked command in '/home/mitchell/Documents/PhD/drone_cage_control/src/drone_communication' returned '0': PYTHONPATH=/home/mitchell/Documents/PhD/drone_cage_control/build/drone_communication/prefix_override:/usr/lib/python3/dist-packages/colcon_core/task/python/colcon_distutils_commands:/home/mitchell/Documents/PhD/drone_cage_control/install/drone_communication/lib/python3.10/site-packages:${PYTHONPATH} /usr/bin/python3 -W ignore:setup.py install is deprecated -W ignore:easy_install command is deprecated setup.py egg_info --egg-base ../../build/drone_communication build --build-base /home/mitchell/Documents/PhD/drone_cage_control/build/drone_communication/build install --record /home/mitchell/Documents/PhD/drone_cage_control/build/drone_communication/install.log --single-version-externally-managed install_data
