running egg_info
creating ../../build/motion_capture_publisher/motion_capture_publisher.egg-info
writing ../../build/motion_capture_publisher/motion_capture_publisher.egg-info/PKG-INFO
writing dependency_links to ../../build/motion_capture_publisher/motion_capture_publisher.egg-info/dependency_links.txt
writing entry points to ../../build/motion_capture_publisher/motion_capture_publisher.egg-info/entry_points.txt
writing requirements to ../../build/motion_capture_publisher/motion_capture_publisher.egg-info/requires.txt
writing top-level names to ../../build/motion_capture_publisher/motion_capture_publisher.egg-info/top_level.txt
writing manifest file '../../build/motion_capture_publisher/motion_capture_publisher.egg-info/SOURCES.txt'
reading manifest file '../../build/motion_capture_publisher/motion_capture_publisher.egg-info/SOURCES.txt'
writing manifest file '../../build/motion_capture_publisher/motion_capture_publisher.egg-info/SOURCES.txt'
running build
running build_py
creating /home/mitchell/Documents/PhD/drone_cage_control/build/motion_capture_publisher/build/lib/motion_capture_publisher
copying motion_capture_publisher/__init__.py -> /home/mitchell/Documents/PhD/drone_cage_control/build/motion_capture_publisher/build/lib/motion_capture_publisher
copying motion_capture_publisher/motion_capture_publisher_node.py -> /home/mitchell/Documents/PhD/drone_cage_control/build/motion_capture_publisher/build/lib/motion_capture_publisher
running install
running install_lib
creating /home/mitchell/Documents/PhD/drone_cage_control/install/motion_capture_publisher/lib/python3.10/site-packages/motion_capture_publisher
copying /home/mitchell/Documents/PhD/drone_cage_control/build/motion_capture_publisher/build/lib/motion_capture_publisher/__init__.py -> /home/mitchell/Documents/PhD/drone_cage_control/install/motion_capture_publisher/lib/python3.10/site-packages/motion_capture_publisher
copying /home/mitchell/Documents/PhD/drone_cage_control/build/motion_capture_publisher/build/lib/motion_capture_publisher/motion_capture_publisher_node.py -> /home/mitchell/Documents/PhD/drone_cage_control/install/motion_capture_publisher/lib/python3.10/site-packages/motion_capture_publisher
byte-compiling /home/mitchell/Documents/PhD/drone_cage_control/install/motion_capture_publisher/lib/python3.10/site-packages/motion_capture_publisher/__init__.py to __init__.cpython-310.pyc
byte-compiling /home/mitchell/Documents/PhD/drone_cage_control/install/motion_capture_publisher/lib/python3.10/site-packages/motion_capture_publisher/motion_capture_publisher_node.py to motion_capture_publisher_node.cpython-310.pyc
running install_egg_info
Copying ../../build/motion_capture_publisher/motion_capture_publisher.egg-info to /home/mitchell/Documents/PhD/drone_cage_control/install/motion_capture_publisher/lib/python3.10/site-packages/motion_capture_publisher-0.0.0-py3.10.egg-info
running install_scripts
Installing motion_capture_publisher_node script to /home/mitchell/Documents/PhD/drone_cage_control/install/motion_capture_publisher/lib/motion_capture_publisher
writing list of installed files to '/home/mitchell/Documents/PhD/drone_cage_control/build/motion_capture_publisher/install.log'
