[0.584s] Invoking command in '/home/mitchell/Documents/PhD/drone_cage_control/src/motion_capture_publisher': PYTHONPATH=/home/mitchell/Documents/PhD/drone_cage_control/build/motion_capture_publisher/prefix_override:/usr/lib/python3/dist-packages/colcon_core/task/python/colcon_distutils_commands:/home/mitchell/Documents/PhD/drone_cage_control/install/motion_capture_publisher/lib/python3.10/site-packages:${PYTHONPATH} /usr/bin/python3 -W ignore:setup.py install is deprecated -W ignore:easy_install command is deprecated setup.py egg_info --egg-base ../../build/motion_capture_publisher build --build-base /home/mitchell/Documents/PhD/drone_cage_control/build/motion_capture_publisher/build install --record /home/mitchell/Documents/PhD/drone_cage_control/build/motion_capture_publisher/install.log --single-version-externally-managed
[0.664s] /home/mitchell/.local/lib/python3.10/site-packages/setuptools/_distutils/dist.py:289: UserWarning: Unknown distribution option: 'tests_require'
[0.664s]   warnings.warn(msg)
[0.716s] running egg_info
[0.726s] writing ../../build/motion_capture_publisher/motion_capture_publisher.egg-info/PKG-INFO
[0.726s] writing dependency_links to ../../build/motion_capture_publisher/motion_capture_publisher.egg-info/dependency_links.txt
[0.726s] writing entry points to ../../build/motion_capture_publisher/motion_capture_publisher.egg-info/entry_points.txt
[0.726s] writing requirements to ../../build/motion_capture_publisher/motion_capture_publisher.egg-info/requires.txt
[0.726s] writing top-level names to ../../build/motion_capture_publisher/motion_capture_publisher.egg-info/top_level.txt
[0.747s] reading manifest file '../../build/motion_capture_publisher/motion_capture_publisher.egg-info/SOURCES.txt'
[0.748s] writing manifest file '../../build/motion_capture_publisher/motion_capture_publisher.egg-info/SOURCES.txt'
[0.748s] running build
[0.748s] running build_py
[0.748s] copying motion_capture_publisher/__init__.py -> /home/mitchell/Documents/PhD/drone_cage_control/build/motion_capture_publisher/build/lib/motion_capture_publisher
[0.748s] copying motion_capture_publisher/motion_capture_publisher_node.py -> /home/mitchell/Documents/PhD/drone_cage_control/build/motion_capture_publisher/build/lib/motion_capture_publisher
[0.748s] running install
[0.750s] running install_lib
[0.763s] running install_egg_info
[0.774s] removing '/home/mitchell/Documents/PhD/drone_cage_control/install/motion_capture_publisher/lib/python3.10/site-packages/motion_capture_publisher-0.0.0-py3.10.egg-info' (and everything under it)
[0.774s] Copying ../../build/motion_capture_publisher/motion_capture_publisher.egg-info to /home/mitchell/Documents/PhD/drone_cage_control/install/motion_capture_publisher/lib/python3.10/site-packages/motion_capture_publisher-0.0.0-py3.10.egg-info
[0.774s] running install_scripts
[0.856s] Installing motion_capture_publisher_node script to /home/mitchell/Documents/PhD/drone_cage_control/install/motion_capture_publisher/lib/motion_capture_publisher
[0.856s] writing list of installed files to '/home/mitchell/Documents/PhD/drone_cage_control/build/motion_capture_publisher/install.log'
[0.869s] Invoked command in '/home/mitchell/Documents/PhD/drone_cage_control/src/motion_capture_publisher' returned '0': PYTHONPATH=/home/mitchell/Documents/PhD/drone_cage_control/build/motion_capture_publisher/prefix_override:/usr/lib/python3/dist-packages/colcon_core/task/python/colcon_distutils_commands:/home/mitchell/Documents/PhD/drone_cage_control/install/motion_capture_publisher/lib/python3.10/site-packages:${PYTHONPATH} /usr/bin/python3 -W ignore:setup.py install is deprecated -W ignore:easy_install command is deprecated setup.py egg_info --egg-base ../../build/motion_capture_publisher build --build-base /home/mitchell/Documents/PhD/drone_cage_control/build/motion_capture_publisher/build install --record /home/mitchell/Documents/PhD/drone_cage_control/build/motion_capture_publisher/install.log --single-version-externally-managed
